=== ROCm TechSupport Log Collection Utility: V1.25 ===
Fri Apr 30 02:29:14 EDT 2021
===== Section: OS Distribution         ===============
Linux ansys-eng 4.18.0-240.22.1.el8_3.x86_64 #1 SMP Thu Apr 8 19:01:30 UTC 2021 x86_64 x86_64 x86_64 GNU/Linux
NAME="CentOS Linux"
VERSION="8"
ID="centos"
ID_LIKE="rhel fedora"
VERSION_ID="8"
PLATFORM_ID="platform:el8"
PRETTY_NAME="CentOS Linux 8"
ANSI_COLOR="0;31"
CPE_NAME="cpe:/o:centos:centos:8"
HOME_URL="https://centos.org/"
BUG_REPORT_URL="https://bugs.centos.org/"
CENTOS_MANTISBT_PROJECT="CentOS-8"
CENTOS_MANTISBT_PROJECT_VERSION="8"
===== Section: Kernel Boot Parameters  ===============
BOOT_IMAGE=(hd0,gpt2)/vmlinuz-4.18.0-240.22.1.el8_3.x86_64 root=/dev/mapper/cl-root ro crashkernel=auto resume=/dev/mapper/cl-swap rd.lvm.lv=cl/root rd.lvm.lv=cl/swap rhgb quiet
===== Section: dmesg GPU/DRM/ATOM/BIOS ===============
WARNING: Persistent logging possibly disabled.
WARNING: Please run: 
       sudo mkdir -p /var/log/journal 
       sudo systemctl restart systemd-journald.service 
WARNING: to enable persistent boot logs for collection and analysis.
Section: dmesg boot logs
[    0.000000] Linux version 4.18.0-240.22.1.el8_3.x86_64 (mockbuild@kbuilder.bsys.centos.org) (gcc version 8.3.1 20191121 (Red Hat 8.3.1-5) (GCC)) #1 SMP Thu Apr 8 19:01:30 UTC 2021
[    0.000000] Command line: BOOT_IMAGE=(hd0,gpt2)/vmlinuz-4.18.0-240.22.1.el8_3.x86_64 root=/dev/mapper/cl-root ro crashkernel=auto resume=/dev/mapper/cl-swap rd.lvm.lv=cl/root rd.lvm.lv=cl/swap rhgb quiet
[    0.000000] BIOS-provided physical RAM map:
[    0.000000] BIOS-e820: [mem 0x0000000000000000-0x000000000009ffff] usable
[    0.000000] BIOS-e820: [mem 0x00000000000f0000-0x00000000000fffff] reserved
[    0.000000] BIOS-e820: [mem 0x0000000000100000-0x000000005f11efff] usable
[    0.000000] BIOS-e820: [mem 0x000000005f11f000-0x000000005f11ffff] reserved
[    0.000000] BIOS-e820: [mem 0x000000005f120000-0x000000005f137fff] ACPI data
[    0.000000] BIOS-e820: [mem 0x000000005f138000-0x000000005f138fff] ACPI NVS
[    0.000000] BIOS-e820: [mem 0x000000005f139000-0x000000005f13afff] ACPI data
[    0.000000] BIOS-e820: [mem 0x000000005f13b000-0x000000005f13bfff] reserved
[    0.000000] BIOS-e820: [mem 0x000000005f13c000-0x000000005f1bffff] usable
[    0.000000] BIOS-e820: [mem 0x000000005f1c0000-0x000000005f1c0fff] ACPI data
[    0.000000] BIOS-e820: [mem 0x000000005f1c1000-0x000000005f74cfff] usable
[    0.000000] BIOS-e820: [mem 0x000000005f74d000-0x000000005f754fff] reserved
[    0.000000] BIOS-e820: [mem 0x000000005f755000-0x000000005f78bfff] usable
[    0.000000] BIOS-e820: [mem 0x000000005f78c000-0x000000005f78cfff] reserved
[    0.000000] BIOS-e820: [mem 0x000000005f78d000-0x00000000698e1fff] usable
[    0.000000] BIOS-e820: [mem 0x00000000698e2000-0x00000000698eefff] reserved
[    0.000000] BIOS-e820: [mem 0x00000000698ef000-0x00000000698f1fff] ACPI NVS
[    0.000000] BIOS-e820: [mem 0x00000000698f2000-0x00000000698f2fff] reserved
[    0.000000] BIOS-e820: [mem 0x00000000698f3000-0x00000000698f3fff] ACPI NVS
[    0.000000] BIOS-e820: [mem 0x00000000698f4000-0x000000006990ffff] reserved
[    0.000000] BIOS-e820: [mem 0x0000000069910000-0x0000000069912fff] usable
[    0.000000] BIOS-e820: [mem 0x0000000069913000-0x0000000069920fff] ACPI data
[    0.000000] BIOS-e820: [mem 0x0000000069921000-0x0000000069921fff] ACPI NVS
[    0.000000] BIOS-e820: [mem 0x0000000069922000-0x0000000069924fff] usable
[    0.000000] BIOS-e820: [mem 0x0000000069925000-0x0000000069926fff] reserved
[    0.000000] BIOS-e820: [mem 0x0000000069927000-0x0000000069927fff] ACPI NVS
[    0.000000] BIOS-e820: [mem 0x0000000069928000-0x0000000069928fff] reserved
[    0.000000] BIOS-e820: [mem 0x0000000069929000-0x0000000069929fff] ACPI NVS
[    0.000000] BIOS-e820: [mem 0x000000006992a000-0x0000000069f58fff] reserved
[    0.000000] BIOS-e820: [mem 0x0000000069f59000-0x0000000072058fff] usable
[    0.000000] BIOS-e820: [mem 0x0000000072059000-0x0000000073168fff] reserved
[    0.000000] BIOS-e820: [mem 0x0000000073169000-0x0000000073178fff] ACPI NVS
[    0.000000] BIOS-e820: [mem 0x0000000073179000-0x0000000073188fff] ACPI data
[    0.000000] BIOS-e820: [mem 0x0000000073189000-0x000000007318afff] usable
[    0.000000] BIOS-e820: [mem 0x000000007318b000-0x000000007338bfff] reserved
[    0.000000] BIOS-e820: [mem 0x000000007338c000-0x0000000077ffffff] usable
[    0.000000] BIOS-e820: [mem 0x0000000078000000-0x000000008fffffff] reserved
[    0.000000] BIOS-e820: [mem 0x00000000fed80000-0x00000000fed80fff] reserved
[    0.000000] BIOS-e820: [mem 0x0000000100000000-0x000000087f37ffff] usable
[    0.000000] BIOS-e820: [mem 0x000000087f380000-0x000000087fffffff] reserved
[    0.000000] BIOS-e820: [mem 0x0000000880000000-0x000000107ff7ffff] usable
[    0.000000] BIOS-e820: [mem 0x000000107ff80000-0x000000107fffffff] reserved
[    0.000000] BIOS-e820: [mem 0x0000001080000000-0x000000187ff7ffff] usable
[    0.000000] BIOS-e820: [mem 0x000000187ff80000-0x000000187fffffff] reserved
[    0.000000] BIOS-e820: [mem 0x0000001880000000-0x000000207ff7ffff] usable
[    0.000000] BIOS-e820: [mem 0x000000207ff80000-0x000000207fffffff] reserved
[    0.000000] BIOS-e820: [mem 0x0000002080000000-0x000000287ff7ffff] usable
[    0.000000] BIOS-e820: [mem 0x000000287ff80000-0x000000287fffffff] reserved
[    0.000000] BIOS-e820: [mem 0x0000002880000000-0x000000307ff7ffff] usable
[    0.000000] BIOS-e820: [mem 0x000000307ff80000-0x000000307fffffff] reserved
[    0.000000] BIOS-e820: [mem 0x0000003080000000-0x000000387ff7ffff] usable
[    0.000000] BIOS-e820: [mem 0x000000387ff80000-0x000000387fffffff] reserved
[    0.000000] BIOS-e820: [mem 0x0000003880000000-0x000000407ff7ffff] usable
[    0.000000] BIOS-e820: [mem 0x000000407ff80000-0x000000407fffffff] reserved
[    0.000000] efi:  SMBIOS=0x6992a000  SMBIOS 3.0=0x69928000  ACPI=0x73188000  ACPI 2.0=0x73188014  MEMATTR=0x6c2ab018  MOKvar=0x5f11f000 
[    0.000000] SMBIOS 3.1.1 present.
[    0.000000] DMI: HPE ProLiant DL385 Gen10/ProLiant DL385 Gen10, BIOS A40 06/07/2018
[    0.000000] MTRR default type: uncachable
[    0.000000] ACPI: SSDT 0x000000005F122000 003FDA (v02 HPE    PCISSDT  00000002 HPAG 00020000)
[    0.000000] ACPI: LAPIC_NMI (acpi_id[0x00] high level lint[0x1])
[    0.000000] ACPI: LAPIC_NMI (acpi_id[0x01] high level lint[0x1])
[    0.000000] ACPI: LAPIC_NMI (acpi_id[0x02] high level lint[0x1])
[    0.000000] ACPI: LAPIC_NMI (acpi_id[0x03] high level lint[0x1])
[    0.000000] ACPI: LAPIC_NMI (acpi_id[0x04] high level lint[0x1])
[    0.000000] ACPI: LAPIC_NMI (acpi_id[0x05] high level lint[0x1])
[    0.000000] ACPI: LAPIC_NMI (acpi_id[0x08] high level lint[0x1])
[    0.000000] ACPI: LAPIC_NMI (acpi_id[0x09] high level lint[0x1])
[    0.000000] ACPI: LAPIC_NMI (acpi_id[0x0a] high level lint[0x1])
[    0.000000] ACPI: LAPIC_NMI (acpi_id[0x0b] high level lint[0x1])
[    0.000000] ACPI: LAPIC_NMI (acpi_id[0x0c] high level lint[0x1])
[    0.000000] ACPI: LAPIC_NMI (acpi_id[0x0d] high level lint[0x1])
[    0.000000] ACPI: LAPIC_NMI (acpi_id[0x10] high level lint[0x1])
[    0.000000] ACPI: LAPIC_NMI (acpi_id[0x11] high level lint[0x1])
[    0.000000] ACPI: LAPIC_NMI (acpi_id[0x12] high level lint[0x1])
[    0.000000] ACPI: LAPIC_NMI (acpi_id[0x13] high level lint[0x1])
[    0.000000] ACPI: LAPIC_NMI (acpi_id[0x14] high level lint[0x1])
[    0.000000] ACPI: LAPIC_NMI (acpi_id[0x15] high level lint[0x1])
[    0.000000] ACPI: LAPIC_NMI (acpi_id[0x18] high level lint[0x1])
[    0.000000] ACPI: LAPIC_NMI (acpi_id[0x19] high level lint[0x1])
[    0.000000] ACPI: LAPIC_NMI (acpi_id[0x1a] high level lint[0x1])
[    0.000000] ACPI: LAPIC_NMI (acpi_id[0x1b] high level lint[0x1])
[    0.000000] ACPI: LAPIC_NMI (acpi_id[0x1c] high level lint[0x1])
[    0.000000] ACPI: LAPIC_NMI (acpi_id[0x1d] high level lint[0x1])
[    0.000000] ACPI: LAPIC_NMI (acpi_id[0x20] high level lint[0x1])
[    0.000000] ACPI: LAPIC_NMI (acpi_id[0x21] high level lint[0x1])
[    0.000000] ACPI: LAPIC_NMI (acpi_id[0x22] high level lint[0x1])
[    0.000000] ACPI: LAPIC_NMI (acpi_id[0x23] high level lint[0x1])
[    0.000000] ACPI: LAPIC_NMI (acpi_id[0x24] high level lint[0x1])
[    0.000000] ACPI: LAPIC_NMI (acpi_id[0x25] high level lint[0x1])
[    0.000000] ACPI: LAPIC_NMI (acpi_id[0x28] high level lint[0x1])
[    0.000000] ACPI: LAPIC_NMI (acpi_id[0x29] high level lint[0x1])
[    0.000000] ACPI: LAPIC_NMI (acpi_id[0x2a] high level lint[0x1])
[    0.000000] ACPI: LAPIC_NMI (acpi_id[0x2b] high level lint[0x1])
[    0.000000] ACPI: LAPIC_NMI (acpi_id[0x2c] high level lint[0x1])
[    0.000000] ACPI: LAPIC_NMI (acpi_id[0x2d] high level lint[0x1])
[    0.000000] ACPI: LAPIC_NMI (acpi_id[0x30] high level lint[0x1])
[    0.000000] ACPI: LAPIC_NMI (acpi_id[0x31] high level lint[0x1])
[    0.000000] ACPI: LAPIC_NMI (acpi_id[0x32] high level lint[0x1])
[    0.000000] ACPI: LAPIC_NMI (acpi_id[0x33] high level lint[0x1])
[    0.000000] ACPI: LAPIC_NMI (acpi_id[0x34] high level lint[0x1])
[    0.000000] ACPI: LAPIC_NMI (acpi_id[0x35] high level lint[0x1])
[    0.000000] ACPI: LAPIC_NMI (acpi_id[0x38] high level lint[0x1])
[    0.000000] ACPI: LAPIC_NMI (acpi_id[0x39] high level lint[0x1])
[    0.000000] ACPI: LAPIC_NMI (acpi_id[0x3a] high level lint[0x1])
[    0.000000] ACPI: LAPIC_NMI (acpi_id[0x3b] high level lint[0x1])
[    0.000000] ACPI: LAPIC_NMI (acpi_id[0x3c] high level lint[0x1])
[    0.000000] ACPI: LAPIC_NMI (acpi_id[0x3d] high level lint[0x1])
[    0.000000] ACPI: LAPIC_NMI (acpi_id[0x40] high level lint[0x1])
[    0.000000] ACPI: LAPIC_NMI (acpi_id[0x41] high level lint[0x1])
[    0.000000] ACPI: LAPIC_NMI (acpi_id[0x42] high level lint[0x1])
[    0.000000] ACPI: LAPIC_NMI (acpi_id[0x43] high level lint[0x1])
[    0.000000] ACPI: LAPIC_NMI (acpi_id[0x44] high level lint[0x1])
[    0.000000] ACPI: LAPIC_NMI (acpi_id[0x45] high level lint[0x1])
[    0.000000] ACPI: LAPIC_NMI (acpi_id[0x48] high level lint[0x1])
[    0.000000] ACPI: LAPIC_NMI (acpi_id[0x49] high level lint[0x1])
[    0.000000] ACPI: LAPIC_NMI (acpi_id[0x4a] high level lint[0x1])
[    0.000000] ACPI: LAPIC_NMI (acpi_id[0x4b] high level lint[0x1])
[    0.000000] ACPI: LAPIC_NMI (acpi_id[0x4c] high level lint[0x1])
[    0.000000] ACPI: LAPIC_NMI (acpi_id[0x4d] high level lint[0x1])
[    0.000000] ACPI: LAPIC_NMI (acpi_id[0x50] high level lint[0x1])
[    0.000000] ACPI: LAPIC_NMI (acpi_id[0x51] high level lint[0x1])
[    0.000000] ACPI: LAPIC_NMI (acpi_id[0x52] high level lint[0x1])
[    0.000000] ACPI: LAPIC_NMI (acpi_id[0x53] high level lint[0x1])
[    0.000000] ACPI: LAPIC_NMI (acpi_id[0x54] high level lint[0x1])
[    0.000000] ACPI: LAPIC_NMI (acpi_id[0x55] high level lint[0x1])
[    0.000000] ACPI: LAPIC_NMI (acpi_id[0x58] high level lint[0x1])
[    0.000000] ACPI: LAPIC_NMI (acpi_id[0x59] high level lint[0x1])
[    0.000000] ACPI: LAPIC_NMI (acpi_id[0x5a] high level lint[0x1])
[    0.000000] ACPI: LAPIC_NMI (acpi_id[0x5b] high level lint[0x1])
[    0.000000] ACPI: LAPIC_NMI (acpi_id[0x5c] high level lint[0x1])
[    0.000000] ACPI: LAPIC_NMI (acpi_id[0x5d] high level lint[0x1])
[    0.000000] ACPI: LAPIC_NMI (acpi_id[0x60] high level lint[0x1])
[    0.000000] ACPI: LAPIC_NMI (acpi_id[0x61] high level lint[0x1])
[    0.000000] ACPI: LAPIC_NMI (acpi_id[0x62] high level lint[0x1])
[    0.000000] ACPI: LAPIC_NMI (acpi_id[0x63] high level lint[0x1])
[    0.000000] ACPI: LAPIC_NMI (acpi_id[0x64] high level lint[0x1])
[    0.000000] ACPI: LAPIC_NMI (acpi_id[0x65] high level lint[0x1])
[    0.000000] ACPI: LAPIC_NMI (acpi_id[0x68] high level lint[0x1])
[    0.000000] ACPI: LAPIC_NMI (acpi_id[0x69] high level lint[0x1])
[    0.000000] ACPI: LAPIC_NMI (acpi_id[0x6a] high level lint[0x1])
[    0.000000] ACPI: LAPIC_NMI (acpi_id[0x6b] high level lint[0x1])
[    0.000000] ACPI: LAPIC_NMI (acpi_id[0x6c] high level lint[0x1])
[    0.000000] ACPI: LAPIC_NMI (acpi_id[0x6d] high level lint[0x1])
[    0.000000] ACPI: LAPIC_NMI (acpi_id[0x70] high level lint[0x1])
[    0.000000] ACPI: LAPIC_NMI (acpi_id[0x71] high level lint[0x1])
[    0.000000] ACPI: LAPIC_NMI (acpi_id[0x72] high level lint[0x1])
[    0.000000] ACPI: LAPIC_NMI (acpi_id[0x73] high level lint[0x1])
[    0.000000] ACPI: LAPIC_NMI (acpi_id[0x74] high level lint[0x1])
[    0.000000] ACPI: LAPIC_NMI (acpi_id[0x75] high level lint[0x1])
[    0.000000] ACPI: LAPIC_NMI (acpi_id[0x78] high level lint[0x1])
[    0.000000] ACPI: LAPIC_NMI (acpi_id[0x79] high level lint[0x1])
[    0.000000] ACPI: LAPIC_NMI (acpi_id[0x7a] high level lint[0x1])
[    0.000000] ACPI: LAPIC_NMI (acpi_id[0x7b] high level lint[0x1])
[    0.000000] ACPI: LAPIC_NMI (acpi_id[0x7c] high level lint[0x1])
[    0.000000] ACPI: LAPIC_NMI (acpi_id[0x7d] high level lint[0x1])
[    0.000000] ACPI: SPCR: Unexpected SPCR Access Width.  Defaulting to byte size
[    0.000000] smpboot: Allowing 96 CPUs, 0 hotplug CPUs
[    0.000000] [mem 0x90000000-0xfed7ffff] available for PCI devices
[    0.000000] Kernel command line: BOOT_IMAGE=(hd0,gpt2)/vmlinuz-4.18.0-240.22.1.el8_3.x86_64 root=/dev/mapper/cl-root ro crashkernel=auto resume=/dev/mapper/cl-swap rd.lvm.lv=cl/root rd.lvm.lv=cl/swap rhgb quiet
[    0.010016] Calibrating delay loop (skipped), value calculated using timer frequency.. 4591.17 BogoMIPS (lpj=2295588)
[    0.010018] pid_max: default: 98304 minimum: 768
[    0.057888] Speculative Store Bypass: Mitigation: Speculative Store Bypass disabled via prctl and seccomp
[    0.070000] smpboot: CPU0: AMD EPYC 7451 24-Core Processor (family: 0x17, model: 0x1, stepping: 0x2)
[    0.071417] NMI watchdog: Enabled. Permanently consumes one hw-PMU counter.
[    0.001000] smpboot: CPU 24 Converting physical 0 to logical die 1
[    0.358312] ACPI FADT declares the system doesn't support PCIe ASPM, so disable it
[    0.358315] ACPI: bus type PCI registered
[    0.358318] acpiphp: ACPI Hot Plug PCI Controller Driver version: 0.5
[    0.359220] PCI: MMCONFIG for domain 0000 [bus 00-ff] at [mem 0x80000000-0x8fffffff] (base 0x80000000)
[    0.359240] PCI: MMCONFIG at [mem 0x80000000-0x8fffffff] reserved in E820
[    0.359240] PCI: Using configuration type 1 for base access
[    0.383884] PCI: Using host bridge windows from ACPI; if necessary, use "pci=nocrs" and report a bug
[    0.389728] ACPI: PCI Root Bridge [PC00] (domain 0000 [bus 00-1f])
[    0.389736] acpi PNP0A08:00: _OSC: OS supports [ExtendedConfig ASPM ClockPM Segments MSI EDR HPX-Type3]
[    0.389815] acpi PNP0A08:00: _OSC: platform does not support [SHPCHotplug AER LTR DPC]
[    0.389884] acpi PNP0A08:00: _OSC: OS now controls [PCIeHotplug PME PCIeCapability]
[    0.389885] acpi PNP0A08:00: FADT indicates ASPM is unsupported, using BIOS configuration
[    0.389968] PCI host bridge to bus 0000:00
[    0.389970] pci_bus 0000:00: root bus resource [io  0x0000-0x03af window]
[    0.389971] pci_bus 0000:00: root bus resource [io  0x03e0-0x0cf7 window]
[    0.389972] pci_bus 0000:00: root bus resource [io  0x0d00-0x0fff window]
[    0.389973] pci_bus 0000:00: root bus resource [io  0x03b0-0x03bb window]
[    0.389974] pci_bus 0000:00: root bus resource [io  0x03c0-0x03df window]
[    0.389975] pci_bus 0000:00: root bus resource [mem 0x000a0000-0x000bffff window]
[    0.389976] pci_bus 0000:00: root bus resource [io  0x1000-0x1fff window]
[    0.389977] pci_bus 0000:00: root bus resource [mem 0xeb000000-0xfebfffff window]
[    0.389978] pci_bus 0000:00: root bus resource [mem 0x4080000000-0x1380fffffff window]
[    0.389979] pci_bus 0000:00: root bus resource [bus 00-1f]
[    0.389987] pci 0000:00:00.0: [1022:1450] type 00 class 0x060000
[    0.390086] pci 0000:00:00.2: [1022:1451] type 00 class 0x080600
[    0.390172] pci 0000:00:01.0: [1022:1452] type 00 class 0x060000
[    0.390249] pci 0000:00:01.1: [1022:1453] type 01 class 0x060400
[    0.391046] pci 0000:00:01.1: PME# supported from D0 D3hot D3cold
[    0.391166] pci 0000:00:01.2: [1022:1453] type 01 class 0x060400
[    0.392057] pci 0000:00:01.2: PME# supported from D0 D3hot D3cold
[    0.392170] pci 0000:00:01.4: [1022:1453] type 01 class 0x060400
[    0.393065] pci 0000:00:01.4: PME# supported from D0 D3hot D3cold
[    0.393177] pci 0000:00:02.0: [1022:1452] type 00 class 0x060000
[    0.393249] pci 0000:00:03.0: [1022:1452] type 00 class 0x060000
[    0.393328] pci 0000:00:04.0: [1022:1452] type 00 class 0x060000
[    0.393405] pci 0000:00:07.0: [1022:1452] type 00 class 0x060000
[    0.393462] pci 0000:00:07.1: [1022:1454] type 01 class 0x060400
[    0.394004] pci 0000:00:07.1: enabling Extended Tags
[    0.394086] pci 0000:00:07.1: PME# supported from D0 D3hot D3cold
[    0.394195] pci 0000:00:08.0: [1022:1452] type 00 class 0x060000
[    0.394259] pci 0000:00:08.1: [1022:1454] type 01 class 0x060400
[    0.395004] pci 0000:00:08.1: enabling Extended Tags
[    0.395087] pci 0000:00:08.1: PME# supported from D0 D3hot D3cold
[    0.395236] pci 0000:00:14.0: [1022:790b] type 00 class 0x0c0500
[    0.395419] pci 0000:00:14.3: [1022:790e] type 00 class 0x060100
[    0.395650] pci 0000:00:18.0: [1022:1460] type 00 class 0x060000
[    0.395696] pci 0000:00:18.1: [1022:1461] type 00 class 0x060000
[    0.395743] pci 0000:00:18.2: [1022:1462] type 00 class 0x060000
[    0.395790] pci 0000:00:18.3: [1022:1463] type 00 class 0x060000
[    0.395833] pci 0000:00:18.4: [1022:1464] type 00 class 0x060000
[    0.395878] pci 0000:00:18.5: [1022:1465] type 00 class 0x060000
[    0.396035] pci 0000:00:18.6: [1022:1466] type 00 class 0x060000
[    0.396086] pci 0000:00:18.7: [1022:1467] type 00 class 0x060000
[    0.396130] pci 0000:00:19.0: [1022:1460] type 00 class 0x060000
[    0.396182] pci 0000:00:19.1: [1022:1461] type 00 class 0x060000
[    0.396230] pci 0000:00:19.2: [1022:1462] type 00 class 0x060000
[    0.396281] pci 0000:00:19.3: [1022:1463] type 00 class 0x060000
[    0.396331] pci 0000:00:19.4: [1022:1464] type 00 class 0x060000
[    0.396377] pci 0000:00:19.5: [1022:1465] type 00 class 0x060000
[    0.396428] pci 0000:00:19.6: [1022:1466] type 00 class 0x060000
[    0.396476] pci 0000:00:19.7: [1022:1467] type 00 class 0x060000
[    0.396525] pci 0000:00:1a.0: [1022:1460] type 00 class 0x060000
[    0.396574] pci 0000:00:1a.1: [1022:1461] type 00 class 0x060000
[    0.396627] pci 0000:00:1a.2: [1022:1462] type 00 class 0x060000
[    0.396674] pci 0000:00:1a.3: [1022:1463] type 00 class 0x060000
[    0.396726] pci 0000:00:1a.4: [1022:1464] type 00 class 0x060000
[    0.396772] pci 0000:00:1a.5: [1022:1465] type 00 class 0x060000
[    0.396821] pci 0000:00:1a.6: [1022:1466] type 00 class 0x060000
[    0.396872] pci 0000:00:1a.7: [1022:1467] type 00 class 0x060000
[    0.396918] pci 0000:00:1b.0: [1022:1460] type 00 class 0x060000
[    0.396969] pci 0000:00:1b.1: [1022:1461] type 00 class 0x060000
[    0.397018] pci 0000:00:1b.2: [1022:1462] type 00 class 0x060000
[    0.397068] pci 0000:00:1b.3: [1022:1463] type 00 class 0x060000
[    0.397115] pci 0000:00:1b.4: [1022:1464] type 00 class 0x060000
[    0.397170] pci 0000:00:1b.5: [1022:1465] type 00 class 0x060000
[    0.397217] pci 0000:00:1b.6: [1022:1466] type 00 class 0x060000
[    0.397270] pci 0000:00:1b.7: [1022:1467] type 00 class 0x060000
[    0.397318] pci 0000:00:1c.0: [1022:1460] type 00 class 0x060000
[    0.397374] pci 0000:00:1c.1: [1022:1461] type 00 class 0x060000
[    0.397432] pci 0000:00:1c.2: [1022:1462] type 00 class 0x060000
[    0.397486] pci 0000:00:1c.3: [1022:1463] type 00 class 0x060000
[    0.397547] pci 0000:00:1c.4: [1022:1464] type 00 class 0x060000
[    0.397601] pci 0000:00:1c.5: [1022:1465] type 00 class 0x060000
[    0.397660] pci 0000:00:1c.6: [1022:1466] type 00 class 0x060000
[    0.397715] pci 0000:00:1c.7: [1022:1467] type 00 class 0x060000
[    0.397776] pci 0000:00:1d.0: [1022:1460] type 00 class 0x060000
[    0.397832] pci 0000:00:1d.1: [1022:1461] type 00 class 0x060000
[    0.397889] pci 0000:00:1d.2: [1022:1462] type 00 class 0x060000
[    0.397947] pci 0000:00:1d.3: [1022:1463] type 00 class 0x060000
[    0.398003] pci 0000:00:1d.4: [1022:1464] type 00 class 0x060000
[    0.398063] pci 0000:00:1d.5: [1022:1465] type 00 class 0x060000
[    0.398122] pci 0000:00:1d.6: [1022:1466] type 00 class 0x060000
[    0.398181] pci 0000:00:1d.7: [1022:1467] type 00 class 0x060000
[    0.398236] pci 0000:00:1e.0: [1022:1460] type 00 class 0x060000
[    0.398290] pci 0000:00:1e.1: [1022:1461] type 00 class 0x060000
[    0.398342] pci 0000:00:1e.2: [1022:1462] type 00 class 0x060000
[    0.398399] pci 0000:00:1e.3: [1022:1463] type 00 class 0x060000
[    0.398452] pci 0000:00:1e.4: [1022:1464] type 00 class 0x060000
[    0.398503] pci 0000:00:1e.5: [1022:1465] type 00 class 0x060000
[    0.398556] pci 0000:00:1e.6: [1022:1466] type 00 class 0x060000
[    0.398606] pci 0000:00:1e.7: [1022:1467] type 00 class 0x060000
[    0.398662] pci 0000:00:1f.0: [1022:1460] type 00 class 0x060000
[    0.398719] pci 0000:00:1f.1: [1022:1461] type 00 class 0x060000
[    0.398779] pci 0000:00:1f.2: [1022:1462] type 00 class 0x060000
[    0.398833] pci 0000:00:1f.3: [1022:1463] type 00 class 0x060000
[    0.398890] pci 0000:00:1f.4: [1022:1464] type 00 class 0x060000
[    0.398943] pci 0000:00:1f.5: [1022:1465] type 00 class 0x060000
[    0.399007] pci 0000:00:1f.6: [1022:1466] type 00 class 0x060000
[    0.399066] pci 0000:00:1f.7: [1022:1467] type 00 class 0x060000
[    0.400068] pci 0000:04:00.0: [14e4:1657] type 00 class 0x020000
[    0.400095] pci 0000:04:00.0: reg 0x10: [mem 0xf1c90000-0xf1c9ffff 64bit pref]
[    0.400107] pci 0000:04:00.0: reg 0x18: [mem 0xf1ca0000-0xf1caffff 64bit pref]
[    0.400120] pci 0000:04:00.0: reg 0x20: [mem 0xf1cb0000-0xf1cbffff 64bit pref]
[    0.400129] pci 0000:04:00.0: reg 0x30: [mem 0x00000000-0x0003ffff pref]
[    0.400203] pci 0000:04:00.0: PME# supported from D0 D3hot D3cold
[    0.400360] pci 0000:04:00.1: [14e4:1657] type 00 class 0x020000
[    0.400386] pci 0000:04:00.1: reg 0x10: [mem 0xf1c60000-0xf1c6ffff 64bit pref]
[    0.400399] pci 0000:04:00.1: reg 0x18: [mem 0xf1c70000-0xf1c7ffff 64bit pref]
[    0.400411] pci 0000:04:00.1: reg 0x20: [mem 0xf1c80000-0xf1c8ffff 64bit pref]
[    0.400420] pci 0000:04:00.1: reg 0x30: [mem 0x00000000-0x0003ffff pref]
[    0.400495] pci 0000:04:00.1: PME# supported from D0 D3hot D3cold
[    0.401040] pci 0000:04:00.2: [14e4:1657] type 00 class 0x020000
[    0.401067] pci 0000:04:00.2: reg 0x10: [mem 0xf1c30000-0xf1c3ffff 64bit pref]
[    0.401079] pci 0000:04:00.2: reg 0x18: [mem 0xf1c40000-0xf1c4ffff 64bit pref]
[    0.401092] pci 0000:04:00.2: reg 0x20: [mem 0xf1c50000-0xf1c5ffff 64bit pref]
[    0.401101] pci 0000:04:00.2: reg 0x30: [mem 0x00000000-0x0003ffff pref]
[    0.401176] pci 0000:04:00.2: PME# supported from D0 D3hot D3cold
[    0.401306] pci 0000:04:00.3: [14e4:1657] type 00 class 0x020000
[    0.401332] pci 0000:04:00.3: reg 0x10: [mem 0xf1c00000-0xf1c0ffff 64bit pref]
[    0.401345] pci 0000:04:00.3: reg 0x18: [mem 0xf1c10000-0xf1c1ffff 64bit pref]
[    0.401357] pci 0000:04:00.3: reg 0x20: [mem 0xf1c20000-0xf1c2ffff 64bit pref]
[    0.401366] pci 0000:04:00.3: reg 0x30: [mem 0x00000000-0x0003ffff pref]
[    0.401440] pci 0000:04:00.3: PME# supported from D0 D3hot D3cold
[    0.401586] pci 0000:00:01.1: PCI bridge to [bus 04]
[    0.401593] pci 0000:00:01.1:   bridge window [mem 0xf1c00000-0xf1cfffff 64bit pref]
[    0.405070] pci 0000:05:00.0: [14e4:1657] type 00 class 0x020000
[    0.405097] pci 0000:05:00.0: reg 0x10: [mem 0xf1d90000-0xf1d9ffff 64bit pref]
[    0.405111] pci 0000:05:00.0: reg 0x18: [mem 0xf1da0000-0xf1daffff 64bit pref]
[    0.405124] pci 0000:05:00.0: reg 0x20: [mem 0xf1db0000-0xf1dbffff 64bit pref]
[    0.405133] pci 0000:05:00.0: reg 0x30: [mem 0x00000000-0x0003ffff pref]
[    0.405212] pci 0000:05:00.0: PME# supported from D0 D3hot D3cold
[    0.405261] pci 0000:05:00.0: 8.000 Gb/s available PCIe bandwidth, limited by 5 GT/s x2 link at 0000:00:01.2 (capable of 16.000 Gb/s with 5 GT/s x4 link)
[    0.405363] pci 0000:05:00.1: [14e4:1657] type 00 class 0x020000
[    0.405391] pci 0000:05:00.1: reg 0x10: [mem 0xf1d60000-0xf1d6ffff 64bit pref]
[    0.405404] pci 0000:05:00.1: reg 0x18: [mem 0xf1d70000-0xf1d7ffff 64bit pref]
[    0.405417] pci 0000:05:00.1: reg 0x20: [mem 0xf1d80000-0xf1d8ffff 64bit pref]
[    0.405426] pci 0000:05:00.1: reg 0x30: [mem 0x00000000-0x0003ffff pref]
[    0.405506] pci 0000:05:00.1: PME# supported from D0 D3hot D3cold
[    0.406078] pci 0000:05:00.2: [14e4:1657] type 00 class 0x020000
[    0.406107] pci 0000:05:00.2: reg 0x10: [mem 0xf1d30000-0xf1d3ffff 64bit pref]
[    0.406120] pci 0000:05:00.2: reg 0x18: [mem 0xf1d40000-0xf1d4ffff 64bit pref]
[    0.406133] pci 0000:05:00.2: reg 0x20: [mem 0xf1d50000-0xf1d5ffff 64bit pref]
[    0.406142] pci 0000:05:00.2: reg 0x30: [mem 0x00000000-0x0003ffff pref]
[    0.406223] pci 0000:05:00.2: PME# supported from D0 D3hot D3cold
[    0.406349] pci 0000:05:00.3: [14e4:1657] type 00 class 0x020000
[    0.406377] pci 0000:05:00.3: reg 0x10: [mem 0xf1d00000-0xf1d0ffff 64bit pref]
[    0.406390] pci 0000:05:00.3: reg 0x18: [mem 0xf1d10000-0xf1d1ffff 64bit pref]
[    0.406403] pci 0000:05:00.3: reg 0x20: [mem 0xf1d20000-0xf1d2ffff 64bit pref]
[    0.406412] pci 0000:05:00.3: reg 0x30: [mem 0x00000000-0x0003ffff pref]
[    0.406491] pci 0000:05:00.3: PME# supported from D0 D3hot D3cold
[    0.406636] pci 0000:00:01.2: PCI bridge to [bus 05]
[    0.406643] pci 0000:00:01.2:   bridge window [mem 0xf1d00000-0xf1dfffff 64bit pref]
[    0.410057] pci 0000:01:00.0: [103c:3306] type 00 class 0x088000
[    0.410077] pci 0000:01:00.0: reg 0x10: [io  0x1200-0x12ff]
[    0.410086] pci 0000:01:00.0: reg 0x14: [mem 0xf1ba6000-0xf1ba63ff]
[    0.410095] pci 0000:01:00.0: reg 0x18: [io  0x1100-0x11ff]
[    0.410105] pci 0000:01:00.0: reg 0x1c: [mem 0xec000000-0xefffffff]
[    0.410113] pci 0000:01:00.0: reg 0x20: [mem 0xf1800000-0xf19fffff]
[    0.410188] pci 0000:01:00.1: [102b:0538] type 00 class 0x030000
[    0.410188] pci 0000:01:00.1: reg 0x10: [mem 0xf0000000-0xf0ffffff pref]
[    0.410188] pci 0000:01:00.1: reg 0x14: [mem 0xf1ba0000-0xf1ba3fff]
[    0.410188] pci 0000:01:00.1: reg 0x18: [mem 0xf1000000-0xf17fffff]
[    0.410188] pci 0000:01:00.1: BAR 0: assigned to efifb
[    0.410244] pci 0000:01:00.2: [103c:3307] type 00 class 0x088000
[    0.410264] pci 0000:01:00.2: reg 0x10: [io  0x1000-0x10ff]
[    0.410273] pci 0000:01:00.2: reg 0x14: [mem 0xf1ba5000-0xf1ba50ff]
[    0.410282] pci 0000:01:00.2: reg 0x18: [mem 0xf1a00000-0xf1afffff]
[    0.410290] pci 0000:01:00.2: reg 0x1c: [mem 0xf1b00000-0xf1b7ffff]
[    0.410299] pci 0000:01:00.2: reg 0x20: [mem 0xf1b90000-0xf1b97fff]
[    0.410307] pci 0000:01:00.2: reg 0x24: [mem 0xf1b80000-0xf1b8ffff]
[    0.410316] pci 0000:01:00.2: reg 0x30: [mem 0x00000000-0x0000ffff pref]
[    0.410365] pci 0000:01:00.2: PME# supported from D0 D3hot D3cold
[    0.410432] pci 0000:01:00.4: [103c:22f6] type 00 class 0x0c0320
[    0.410452] pci 0000:01:00.4: reg 0x10: [mem 0xf1ba4000-0xf1ba40ff]
[    0.410625] pci 0000:00:01.4: PCI bridge to [bus 01]
[    0.410628] pci 0000:00:01.4:   bridge window [io  0x1000-0x1fff]
[    0.410630] pci 0000:00:01.4:   bridge window [mem 0xeb000000-0xf1bfffff]
[    0.411048] pci 0000:03:00.0: [1022:145a] type 00 class 0x130000
[    0.411077] pci 0000:03:00.0: enabling Extended Tags
[    0.411162] pci 0000:03:00.2: [1022:1456] type 00 class 0x108000
[    0.411178] pci 0000:03:00.2: reg 0x18: [mem 0xf2100000-0xf21fffff]
[    0.411187] pci 0000:03:00.2: reg 0x24: [mem 0xf2200000-0xf2201fff]
[    0.411193] pci 0000:03:00.2: enabling Extended Tags
[    0.411273] pci 0000:03:00.3: [1022:145f] type 00 class 0x0c0330
[    0.411285] pci 0000:03:00.3: reg 0x10: [mem 0xf2000000-0xf20fffff 64bit]
[    0.411302] pci 0000:03:00.3: enabling Extended Tags
[    0.411334] pci 0000:03:00.3: PME# supported from D0 D3hot D3cold
[    0.411414] pci 0000:00:07.1: PCI bridge to [bus 03]
[    0.411418] pci 0000:00:07.1:   bridge window [mem 0xf2000000-0xf22fffff]
[    0.412044] pci 0000:02:00.0: [1022:1455] type 00 class 0x130000
[    0.412074] pci 0000:02:00.0: enabling Extended Tags
[    0.412160] pci 0000:02:00.1: [1022:1468] type 00 class 0x108000
[    0.412177] pci 0000:02:00.1: reg 0x18: [mem 0xf1e00000-0xf1efffff]
[    0.412186] pci 0000:02:00.1: reg 0x24: [mem 0xf1f00000-0xf1f01fff]
[    0.412193] pci 0000:02:00.1: enabling Extended Tags
[    0.412289] pci 0000:00:08.1: PCI bridge to [bus 02]
[    0.412293] pci 0000:00:08.1:   bridge window [mem 0xf1e00000-0xf1ffffff]
[    0.412316] pci_bus 0000:00: on NUMA node 0
[    0.412403] ACPI: PCI Interrupt Link [LNKA] (IRQs 4 5 7 10 11 14 15) *0
[    0.412452] ACPI: PCI Interrupt Link [LNKB] (IRQs 4 5 7 10 11 14 15) *0
[    0.412493] ACPI: PCI Interrupt Link [LNKC] (IRQs 4 5 7 10 11 14 15) *0
[    0.412535] ACPI: PCI Interrupt Link [LNKD] (IRQs 4 5 7 10 11 14 15) *0
[    0.412581] ACPI: PCI Interrupt Link [LNKE] (IRQs 4 5 7 10 11 14 15) *0
[    0.412619] ACPI: PCI Interrupt Link [LNKF] (IRQs 4 5 7 10 11 14 15) *0
[    0.412658] ACPI: PCI Interrupt Link [LNKG] (IRQs 4 5 7 10 11 14 15) *0
[    0.412695] ACPI: PCI Interrupt Link [LNKH] (IRQs 4 5 7 10 11 14 15) *0
[    0.413018] ACPI: PCI Root Bridge [PC01] (domain 0000 [bus 20-3f])
[    0.413023] acpi PNP0A08:01: _OSC: OS supports [ExtendedConfig ASPM ClockPM Segments MSI EDR HPX-Type3]
[    0.413100] acpi PNP0A08:01: _OSC: platform does not support [SHPCHotplug AER LTR DPC]
[    0.413168] acpi PNP0A08:01: _OSC: OS now controls [PCIeHotplug PME PCIeCapability]
[    0.413169] acpi PNP0A08:01: FADT indicates ASPM is unsupported, using BIOS configuration
[    0.413214] PCI host bridge to bus 0000:20
[    0.413216] pci_bus 0000:20: root bus resource [io  0x2000-0x2fff window]
[    0.413217] pci_bus 0000:20: root bus resource [mem 0xde000000-0xeaffffff window]
[    0.413218] pci_bus 0000:20: root bus resource [mem 0x13810000000-0x22f9fffffff window]
[    0.413219] pci_bus 0000:20: root bus resource [bus 20-3f]
[    0.413224] pci 0000:20:00.0: [1022:1450] type 00 class 0x060000
[    0.413289] pci 0000:20:00.2: [1022:1451] type 00 class 0x080600
[    0.413373] pci 0000:20:01.0: [1022:1452] type 00 class 0x060000
[    0.413432] pci 0000:20:01.1: [1022:1453] type 01 class 0x060400
[    0.413733] pci 0000:20:01.1: PME# supported from D0 D3hot D3cold
[    0.413854] pci 0000:20:02.0: [1022:1452] type 00 class 0x060000
[    0.413930] pci 0000:20:03.0: [1022:1452] type 00 class 0x060000
[    0.413998] pci 0000:20:04.0: [1022:1452] type 00 class 0x060000
[    0.414078] pci 0000:20:07.0: [1022:1452] type 00 class 0x060000
[    0.414138] pci 0000:20:07.1: [1022:1454] type 01 class 0x060400
[    0.414646] pci 0000:20:07.1: enabling Extended Tags
[    0.414731] pci 0000:20:07.1: PME# supported from D0 D3hot D3cold
[    0.414849] pci 0000:20:08.0: [1022:1452] type 00 class 0x060000
[    0.414905] pci 0000:20:08.1: [1022:1454] type 01 class 0x060400
[    0.414942] pci 0000:20:08.1: enabling Extended Tags
[    0.415038] pci 0000:20:08.1: PME# supported from D0 D3hot D3cold
[    0.415703] pci 0000:23:00.0: [9005:028f] type 00 class 0x010700
[    0.415722] pci 0000:23:00.0: reg 0x10: [mem 0xde400000-0xde407fff 64bit]
[    0.415740] pci 0000:23:00.0: reg 0x20: [io  0x2000-0x20ff]
[    0.415752] pci 0000:23:00.0: reg 0x30: [mem 0x00000000-0x001fffff pref]
[    0.415793] pci 0000:23:00.0: supports D1
[    0.415794] pci 0000:23:00.0: PME# supported from D0 D1 D3hot
[    0.415871] pci 0000:20:01.1: PCI bridge to [bus 23]
[    0.415874] pci 0000:20:01.1:   bridge window [io  0x2000-0x2fff]
[    0.415876] pci 0000:20:01.1:   bridge window [mem 0xde400000-0xde4fffff]
[    0.415936] pci 0000:22:00.0: [1022:145a] type 00 class 0x130000
[    0.415968] pci 0000:22:00.0: enabling Extended Tags
[    0.416066] pci 0000:22:00.2: [1022:1456] type 00 class 0x108000
[    0.416084] pci 0000:22:00.2: reg 0x18: [mem 0xde200000-0xde2fffff]
[    0.416094] pci 0000:22:00.2: reg 0x24: [mem 0xde300000-0xde301fff]
[    0.416101] pci 0000:22:00.2: enabling Extended Tags
[    0.416201] pci 0000:20:07.1: PCI bridge to [bus 22]
[    0.416206] pci 0000:20:07.1:   bridge window [mem 0xde200000-0xde3fffff]
[    0.416700] pci 0000:21:00.0: [1022:1455] type 00 class 0x130000
[    0.416734] pci 0000:21:00.0: enabling Extended Tags
[    0.416821] pci 0000:21:00.1: [1022:1468] type 00 class 0x108000
[    0.416840] pci 0000:21:00.1: reg 0x18: [mem 0xde000000-0xde0fffff]
[    0.416850] pci 0000:21:00.1: reg 0x24: [mem 0xde100000-0xde101fff]
[    0.416857] pci 0000:21:00.1: enabling Extended Tags
[    0.416966] pci 0000:20:08.1: PCI bridge to [bus 21]
[    0.416970] pci 0000:20:08.1:   bridge window [mem 0xde000000-0xde1fffff]
[    0.416986] pci_bus 0000:20: on NUMA node 1
[    0.417021] ACPI: PCI Root Bridge [PC02] (domain 0000 [bus 40-5f])
[    0.417026] acpi PNP0A08:02: _OSC: OS supports [ExtendedConfig ASPM ClockPM Segments MSI EDR HPX-Type3]
[    0.417103] acpi PNP0A08:02: _OSC: platform does not support [SHPCHotplug AER LTR DPC]
[    0.417169] acpi PNP0A08:02: _OSC: OS now controls [PCIeHotplug PME PCIeCapability]
[    0.417170] acpi PNP0A08:02: FADT indicates ASPM is unsupported, using BIOS configuration
[    0.417225] PCI host bridge to bus 0000:40
[    0.417227] pci_bus 0000:40: root bus resource [io  0x3000-0x3fff window]
[    0.417228] pci_bus 0000:40: root bus resource [mem 0xd1000000-0xddffffff window]
[    0.417229] pci_bus 0000:40: root bus resource [mem 0x22fa0000000-0x3272fffffff window]
[    0.417230] pci_bus 0000:40: root bus resource [bus 40-5f]
[    0.417235] pci 0000:40:00.0: [1022:1450] type 00 class 0x060000
[    0.417296] pci 0000:40:00.2: [1022:1451] type 00 class 0x080600
[    0.417384] pci 0000:40:01.0: [1022:1452] type 00 class 0x060000
[    0.417453] pci 0000:40:02.0: [1022:1452] type 00 class 0x060000
[    0.417529] pci 0000:40:03.0: [1022:1452] type 00 class 0x060000
[    0.417585] pci 0000:40:03.1: [1022:1453] type 01 class 0x060400
[    0.417717] pci 0000:40:03.1: PME# supported from D0 D3hot D3cold
[    0.417871] pci 0000:40:04.0: [1022:1452] type 00 class 0x060000
[    0.417949] pci 0000:40:07.0: [1022:1452] type 00 class 0x060000
[    0.418008] pci 0000:40:07.1: [1022:1454] type 01 class 0x060400
[    0.418505] pci 0000:40:07.1: enabling Extended Tags
[    0.418591] pci 0000:40:07.1: PME# supported from D0 D3hot D3cold
[    0.418703] pci 0000:40:08.0: [1022:1452] type 00 class 0x060000
[    0.418760] pci 0000:40:08.1: [1022:1454] type 01 class 0x060400
[    0.418797] pci 0000:40:08.1: enabling Extended Tags
[    0.418883] pci 0000:40:08.1: PME# supported from D0 D3hot D3cold
[    0.419715] pci 0000:43:00.0: [15b3:1015] type 00 class 0x020000
[    0.419938] pci 0000:43:00.0: reg 0x10: [mem 0xd2000000-0xd3ffffff 64bit pref]
[    0.420231] pci 0000:43:00.0: reg 0x30: [mem 0x00000000-0x000fffff pref]
[    0.420919] pci 0000:43:00.0: PME# supported from D3cold
[    0.421204] pci 0000:43:00.0: reg 0x1a4: [mem 0x22fa0800000-0x22fa08fffff 64bit pref]
[    0.421205] pci 0000:43:00.0: VF(n) BAR0 space: [mem 0x22fa0800000-0x22fa0ffffff 64bit pref] (contains BAR0 for 8 VFs)
[    0.422300] pci 0000:43:00.1: [15b3:1015] type 00 class 0x020000
[    0.422508] pci 0000:43:00.1: reg 0x10: [mem 0xd4000000-0xd5ffffff 64bit pref]
[    0.422804] pci 0000:43:00.1: reg 0x30: [mem 0x00000000-0x000fffff pref]
[    0.423446] pci 0000:43:00.1: PME# supported from D3cold
[    0.423711] pci 0000:43:00.1: reg 0x1a4: [mem 0x22fa0000000-0x22fa00fffff 64bit pref]
[    0.423712] pci 0000:43:00.1: VF(n) BAR0 space: [mem 0x22fa0000000-0x22fa07fffff 64bit pref] (contains BAR0 for 8 VFs)
[    0.424732] pci 0000:40:03.1: PCI bridge to [bus 43]
[    0.424736] pci 0000:40:03.1:   bridge window [mem 0xd2000000-0xd5ffffff]
[    0.424739] pci 0000:40:03.1:   bridge window [mem 0x22fa0000000-0x22fa0ffffff 64bit pref]
[    0.424806] pci 0000:42:00.0: [1022:145a] type 00 class 0x130000
[    0.424839] pci 0000:42:00.0: enabling Extended Tags
[    0.424923] pci 0000:42:00.2: [1022:1456] type 00 class 0x108000
[    0.424941] pci 0000:42:00.2: reg 0x18: [mem 0xd6200000-0xd62fffff]
[    0.424951] pci 0000:42:00.2: reg 0x24: [mem 0xd6300000-0xd6301fff]
[    0.424958] pci 0000:42:00.2: enabling Extended Tags
[    0.425069] pci 0000:40:07.1: PCI bridge to [bus 42]
[    0.425073] pci 0000:40:07.1:   bridge window [mem 0xd6200000-0xd63fffff]
[    0.425545] pci 0000:41:00.0: [1022:1455] type 00 class 0x130000
[    0.425579] pci 0000:41:00.0: enabling Extended Tags
[    0.425672] pci 0000:41:00.1: [1022:1468] type 00 class 0x108000
[    0.425691] pci 0000:41:00.1: reg 0x18: [mem 0xd6000000-0xd60fffff]
[    0.425701] pci 0000:41:00.1: reg 0x24: [mem 0xd6100000-0xd6101fff]
[    0.425708] pci 0000:41:00.1: enabling Extended Tags
[    0.425814] pci 0000:40:08.1: PCI bridge to [bus 41]
[    0.425818] pci 0000:40:08.1:   bridge window [mem 0xd6000000-0xd61fffff]
[    0.425833] pci_bus 0000:40: on NUMA node 2
[    0.425869] ACPI: PCI Root Bridge [PC03] (domain 0000 [bus 60-7f])
[    0.425874] acpi PNP0A08:03: _OSC: OS supports [ExtendedConfig ASPM ClockPM Segments MSI EDR HPX-Type3]
[    0.425951] acpi PNP0A08:03: _OSC: platform does not support [SHPCHotplug AER LTR DPC]
[    0.426019] acpi PNP0A08:03: _OSC: OS now controls [PCIeHotplug PME PCIeCapability]
[    0.426020] acpi PNP0A08:03: FADT indicates ASPM is unsupported, using BIOS configuration
[    0.426063] PCI host bridge to bus 0000:60
[    0.426064] pci_bus 0000:60: root bus resource [io  0x4000-0x4fff window]
[    0.426065] pci_bus 0000:60: root bus resource [mem 0xc4000000-0xd0ffffff window]
[    0.426066] pci_bus 0000:60: root bus resource [mem 0x32730000000-0x41ebfffffff window]
[    0.426067] pci_bus 0000:60: root bus resource [bus 60-7f]
[    0.426072] pci 0000:60:00.0: [1022:1450] type 00 class 0x060000
[    0.426138] pci 0000:60:00.2: [1022:1451] type 00 class 0x080600
[    0.426220] pci 0000:60:01.0: [1022:1452] type 00 class 0x060000
[    0.426296] pci 0000:60:02.0: [1022:1452] type 00 class 0x060000
[    0.426367] pci 0000:60:03.0: [1022:1452] type 00 class 0x060000
[    0.426428] pci 0000:60:03.1: [1022:1453] type 01 class 0x060400
[    0.426933] pci 0000:60:03.1: PME# supported from D0 D3hot D3cold
[    0.427090] pci 0000:60:04.0: [1022:1452] type 00 class 0x060000
[    0.427173] pci 0000:60:07.0: [1022:1452] type 00 class 0x060000
[    0.427231] pci 0000:60:07.1: [1022:1454] type 01 class 0x060400
[    0.427267] pci 0000:60:07.1: enabling Extended Tags
[    0.427351] pci 0000:60:07.1: PME# supported from D0 D3hot D3cold
[    0.427947] pci 0000:60:08.0: [1022:1452] type 00 class 0x060000
[    0.428007] pci 0000:60:08.1: [1022:1454] type 01 class 0x060400
[    0.428046] pci 0000:60:08.1: enabling Extended Tags
[    0.428134] pci 0000:60:08.1: PME# supported from D0 D3hot D3cold
[    0.428409] pci 0000:63:00.0: [1002:14a0] type 01 class 0x060400
[    0.428433] pci 0000:63:00.0: reg 0x10: [mem 0xc4500000-0xc4503fff]
[    0.428525] pci 0000:63:00.0: PME# supported from D0 D3hot D3cold
[    0.428589] pci 0000:63:00.0: 126.016 Gb/s available PCIe bandwidth, limited by 8 GT/s x16 link at 0000:60:03.1 (capable of 252.048 Gb/s with 16 GT/s x16 link)
[    0.428675] pci 0000:60:03.1: PCI bridge to [bus 63-65]
[    0.428678] pci 0000:60:03.1:   bridge window [io  0x4000-0x4fff]
[    0.428680] pci 0000:60:03.1:   bridge window [mem 0xc4400000-0xc45fffff]
[    0.428683] pci 0000:60:03.1:   bridge window [mem 0x32800000000-0x330001fffff 64bit pref]
[    0.428729] pci 0000:64:00.0: [1002:14a1] type 01 class 0x060400
[    0.428840] pci 0000:64:00.0: PME# supported from D0 D3hot D3cold
[    0.428962] pci 0000:63:00.0: PCI bridge to [bus 64-65]
[    0.428967] pci 0000:63:00.0:   bridge window [io  0x4000-0x4fff]
[    0.428970] pci 0000:63:00.0:   bridge window [mem 0xc4400000-0xc44fffff]
[    0.428974] pci 0000:63:00.0:   bridge window [mem 0x32800000000-0x330001fffff 64bit pref]
[    0.429018] pci 0000:65:00.0: [1002:738c] type 00 class 0x038000
[    0.429045] pci 0000:65:00.0: reg 0x10: [mem 0x32800000000-0x32fffffffff 64bit pref]
[    0.429054] pci 0000:65:00.0: reg 0x18: [mem 0x33000000000-0x330001fffff 64bit pref]
[    0.429060] pci 0000:65:00.0: reg 0x20: [io  0x4000-0x40ff]
[    0.429065] pci 0000:65:00.0: reg 0x24: [mem 0xc4400000-0xc447ffff]
[    0.429070] pci 0000:65:00.0: reg 0x30: [mem 0x00000000-0x0001ffff pref]
[    0.429145] pci 0000:65:00.0: PME# supported from D1 D2 D3hot D3cold
[    0.429202] pci 0000:65:00.0: 126.016 Gb/s available PCIe bandwidth, limited by 8 GT/s x16 link at 0000:60:03.1 (capable of 252.048 Gb/s with 16 GT/s x16 link)
[    0.429278] pci 0000:64:00.0: PCI bridge to [bus 65]
[    0.429282] pci 0000:64:00.0:   bridge window [io  0x4000-0x4fff]
[    0.429285] pci 0000:64:00.0:   bridge window [mem 0xc4400000-0xc44fffff]
[    0.429289] pci 0000:64:00.0:   bridge window [mem 0x32800000000-0x330001fffff 64bit pref]
[    0.429362] pci 0000:62:00.0: [1022:145a] type 00 class 0x130000
[    0.429394] pci 0000:62:00.0: enabling Extended Tags
[    0.429484] pci 0000:62:00.2: [1022:1456] type 00 class 0x108000
[    0.429501] pci 0000:62:00.2: reg 0x18: [mem 0xc4200000-0xc42fffff]
[    0.429510] pci 0000:62:00.2: reg 0x24: [mem 0xc4300000-0xc4301fff]
[    0.429518] pci 0000:62:00.2: enabling Extended Tags
[    0.429615] pci 0000:60:07.1: PCI bridge to [bus 62]
[    0.429619] pci 0000:60:07.1:   bridge window [mem 0xc4200000-0xc43fffff]
[    0.429910] pci 0000:61:00.0: [1022:1455] type 00 class 0x130000
[    0.429944] pci 0000:61:00.0: enabling Extended Tags
[    0.430039] pci 0000:61:00.1: [1022:1468] type 00 class 0x108000
[    0.430057] pci 0000:61:00.1: reg 0x18: [mem 0xc4000000-0xc40fffff]
[    0.430067] pci 0000:61:00.1: reg 0x24: [mem 0xc4100000-0xc4101fff]
[    0.430075] pci 0000:61:00.1: enabling Extended Tags
[    0.430183] pci 0000:60:08.1: PCI bridge to [bus 61]
[    0.430187] pci 0000:60:08.1:   bridge window [mem 0xc4000000-0xc41fffff]
[    0.430203] pci_bus 0000:60: on NUMA node 3
[    0.430239] ACPI: PCI Root Bridge [PC04] (domain 0000 [bus 80-9f])
[    0.430244] acpi PNP0A08:04: _OSC: OS supports [ExtendedConfig ASPM ClockPM Segments MSI EDR HPX-Type3]
[    0.430319] acpi PNP0A08:04: _OSC: platform does not support [SHPCHotplug AER LTR DPC]
[    0.430385] acpi PNP0A08:04: _OSC: OS now controls [PCIeHotplug PME PCIeCapability]
[    0.430386] acpi PNP0A08:04: FADT indicates ASPM is unsupported, using BIOS configuration
[    0.430444] PCI host bridge to bus 0000:80
[    0.430445] pci_bus 0000:80: root bus resource [io  0x5000-0x5fff window]
[    0.430446] pci_bus 0000:80: root bus resource [mem 0xb7000000-0xc3ffffff window]
[    0.430447] pci_bus 0000:80: root bus resource [mem 0x41ec0000000-0x5164fffffff window]
[    0.430448] pci_bus 0000:80: root bus resource [bus 80-9f]
[    0.430454] pci 0000:80:00.0: [1022:1450] type 00 class 0x060000
[    0.430527] pci 0000:80:00.2: [1022:1451] type 00 class 0x080600
[    0.430626] pci 0000:80:01.0: [1022:1452] type 00 class 0x060000
[    0.430692] pci 0000:80:01.1: [1022:1453] type 01 class 0x060400
[    0.431114] pci 0000:80:01.1: PME# supported from D0 D3hot D3cold
[    0.431230] pci 0000:80:01.2: [1022:1453] type 01 class 0x060400
[    0.432113] pci 0000:80:01.2: PME# supported from D0 D3hot D3cold
[    0.432229] pci 0000:80:01.3: [1022:1453] type 01 class 0x060400
[    0.433092] pci 0000:80:01.3: PME# supported from D0 D3hot D3cold
[    0.433210] pci 0000:80:01.4: [1022:1453] type 01 class 0x060400
[    0.434092] pci 0000:80:01.4: PME# supported from D0 D3hot D3cold
[    0.434208] pci 0000:80:02.0: [1022:1452] type 00 class 0x060000
[    0.434287] pci 0000:80:03.0: [1022:1452] type 00 class 0x060000
[    0.434373] pci 0000:80:04.0: [1022:1452] type 00 class 0x060000
[    0.434463] pci 0000:80:07.0: [1022:1452] type 00 class 0x060000
[    0.434529] pci 0000:80:07.1: [1022:1454] type 01 class 0x060400
[    0.435005] pci 0000:80:07.1: enabling Extended Tags
[    0.435098] pci 0000:80:07.1: PME# supported from D0 D3hot D3cold
[    0.435218] pci 0000:80:08.0: [1022:1452] type 00 class 0x060000
[    0.435287] pci 0000:80:08.1: [1022:1454] type 01 class 0x060400
[    0.436005] pci 0000:80:08.1: enabling Extended Tags
[    0.436098] pci 0000:80:08.1: PME# supported from D0 D3hot D3cold
[    0.437041] pci 0000:80:01.1: PCI bridge to [bus 83]
[    0.437105] pci 0000:80:01.2: PCI bridge to [bus 84]
[    0.437168] pci 0000:80:01.3: PCI bridge to [bus 85]
[    0.437235] pci 0000:80:01.4: PCI bridge to [bus 86]
[    0.438032] pci 0000:82:00.0: [1022:145a] type 00 class 0x130000
[    0.438071] pci 0000:82:00.0: enabling Extended Tags
[    0.438178] pci 0000:82:00.2: [1022:1456] type 00 class 0x108000
[    0.438199] pci 0000:82:00.2: reg 0x18: [mem 0xb7200000-0xb72fffff]
[    0.438210] pci 0000:82:00.2: reg 0x24: [mem 0xb7300000-0xb7301fff]
[    0.438218] pci 0000:82:00.2: enabling Extended Tags
[    0.438332] pci 0000:80:07.1: PCI bridge to [bus 82]
[    0.438337] pci 0000:80:07.1:   bridge window [mem 0xb7200000-0xb73fffff]
[    0.439047] pci 0000:81:00.0: [1022:1455] type 00 class 0x130000
[    0.439088] pci 0000:81:00.0: enabling Extended Tags
[    0.439192] pci 0000:81:00.1: [1022:1468] type 00 class 0x108000
[    0.439215] pci 0000:81:00.1: reg 0x18: [mem 0xb7000000-0xb70fffff]
[    0.439227] pci 0000:81:00.1: reg 0x24: [mem 0xb7100000-0xb7101fff]
[    0.439235] pci 0000:81:00.1: enabling Extended Tags
[    0.439374] pci 0000:80:08.1: PCI bridge to [bus 81]
[    0.439379] pci 0000:80:08.1:   bridge window [mem 0xb7000000-0xb71fffff]
[    0.439414] pci_bus 0000:80: on NUMA node 4
[    0.439446] ACPI: PCI Root Bridge [PC05] (domain 0000 [bus a0-bf])
[    0.439451] acpi PNP0A08:05: _OSC: OS supports [ExtendedConfig ASPM ClockPM Segments MSI EDR HPX-Type3]
[    0.439525] acpi PNP0A08:05: _OSC: platform does not support [SHPCHotplug AER LTR DPC]
[    0.439591] acpi PNP0A08:05: _OSC: OS now controls [PCIeHotplug PME PCIeCapability]
[    0.439591] acpi PNP0A08:05: FADT indicates ASPM is unsupported, using BIOS configuration
[    0.439637] PCI host bridge to bus 0000:a0
[    0.439638] pci_bus 0000:a0: root bus resource [io  0x6000-0x6fff window]
[    0.439639] pci_bus 0000:a0: root bus resource [mem 0xaa000000-0xb6ffffff window]
[    0.439640] pci_bus 0000:a0: root bus resource [mem 0x51650000000-0x60ddfffffff window]
[    0.439641] pci_bus 0000:a0: root bus resource [bus a0-bf]
[    0.439647] pci 0000:a0:00.0: [1022:1450] type 00 class 0x060000
[    0.439719] pci 0000:a0:00.2: [1022:1451] type 00 class 0x080600
[    0.440076] pci 0000:a0:01.0: [1022:1452] type 00 class 0x060000
[    0.440145] pci 0000:a0:01.1: [1022:1453] type 01 class 0x060400
[    0.440212] pci 0000:a0:01.1: enabling Extended Tags
[    0.440333] pci 0000:a0:01.1: PME# supported from D0 D3hot D3cold
[    0.440473] pci 0000:a0:02.0: [1022:1452] type 00 class 0x060000
[    0.440556] pci 0000:a0:03.0: [1022:1452] type 00 class 0x060000
[    0.440634] pci 0000:a0:04.0: [1022:1452] type 00 class 0x060000
[    0.440718] pci 0000:a0:07.0: [1022:1452] type 00 class 0x060000
[    0.440783] pci 0000:a0:07.1: [1022:1454] type 01 class 0x060400
[    0.440939] pci 0000:a0:07.1: enabling Extended Tags
[    0.441030] pci 0000:a0:07.1: PME# supported from D0 D3hot D3cold
[    0.441152] pci 0000:a0:08.0: [1022:1452] type 00 class 0x060000
[    0.441218] pci 0000:a0:08.1: [1022:1454] type 01 class 0x060400
[    0.441262] pci 0000:a0:08.1: enabling Extended Tags
[    0.441355] pci 0000:a0:08.1: PME# supported from D0 D3hot D3cold
[    0.441968] pci 0000:a0:01.1: PCI bridge to [bus a3]
[    0.442044] pci 0000:a2:00.0: [1022:145a] type 00 class 0x130000
[    0.442085] pci 0000:a2:00.0: enabling Extended Tags
[    0.442187] pci 0000:a2:00.2: [1022:1456] type 00 class 0x108000
[    0.442208] pci 0000:a2:00.2: reg 0x18: [mem 0xaa200000-0xaa2fffff]
[    0.442219] pci 0000:a2:00.2: reg 0x24: [mem 0xaa300000-0xaa301fff]
[    0.442227] pci 0000:a2:00.2: enabling Extended Tags
[    0.442348] pci 0000:a0:07.1: PCI bridge to [bus a2]
[    0.442353] pci 0000:a0:07.1:   bridge window [mem 0xaa200000-0xaa3fffff]
[    0.442419] pci 0000:a1:00.0: [1022:1455] type 00 class 0x130000
[    0.442460] pci 0000:a1:00.0: enabling Extended Tags
[    0.442566] pci 0000:a1:00.1: [1022:1468] type 00 class 0x108000
[    0.442589] pci 0000:a1:00.1: reg 0x18: [mem 0xaa000000-0xaa0fffff]
[    0.442601] pci 0000:a1:00.1: reg 0x24: [mem 0xaa100000-0xaa101fff]
[    0.442609] pci 0000:a1:00.1: enabling Extended Tags
[    0.442729] pci 0000:a0:08.1: PCI bridge to [bus a1]
[    0.442733] pci 0000:a0:08.1:   bridge window [mem 0xaa000000-0xaa1fffff]
[    0.442754] pci_bus 0000:a0: on NUMA node 5
[    0.442795] ACPI: PCI Root Bridge [PC06] (domain 0000 [bus c0-df])
[    0.442800] acpi PNP0A08:06: _OSC: OS supports [ExtendedConfig ASPM ClockPM Segments MSI EDR HPX-Type3]
[    0.442878] acpi PNP0A08:06: _OSC: platform does not support [SHPCHotplug AER LTR DPC]
[    0.442944] acpi PNP0A08:06: _OSC: OS now controls [PCIeHotplug PME PCIeCapability]
[    0.442945] acpi PNP0A08:06: FADT indicates ASPM is unsupported, using BIOS configuration
[    0.442988] PCI host bridge to bus 0000:c0
[    0.442990] pci_bus 0000:c0: root bus resource [io  0x7000-0x7fff window]
[    0.442990] pci_bus 0000:c0: root bus resource [mem 0x9d000000-0xa9ffffff window]
[    0.442991] pci_bus 0000:c0: root bus resource [mem 0x60de0000000-0x7056fffffff window]
[    0.442992] pci_bus 0000:c0: root bus resource [bus c0-df]
[    0.443001] pci 0000:c0:00.0: [1022:1450] type 00 class 0x060000
[    0.443071] pci 0000:c0:00.2: [1022:1451] type 00 class 0x080600
[    0.443160] pci 0000:c0:01.0: [1022:1452] type 00 class 0x060000
[    0.443234] pci 0000:c0:02.0: [1022:1452] type 00 class 0x060000
[    0.443308] pci 0000:c0:03.0: [1022:1452] type 00 class 0x060000
[    0.443378] pci 0000:c0:03.1: [1022:1453] type 01 class 0x060400
[    0.443852] pci 0000:c0:03.1: enabling Extended Tags
[    0.443970] pci 0000:c0:03.1: PME# supported from D0 D3hot D3cold
[    0.444107] pci 0000:c0:04.0: [1022:1452] type 00 class 0x060000
[    0.444187] pci 0000:c0:07.0: [1022:1452] type 00 class 0x060000
[    0.444245] pci 0000:c0:07.1: [1022:1454] type 01 class 0x060400
[    0.444284] pci 0000:c0:07.1: enabling Extended Tags
[    0.444372] pci 0000:c0:07.1: PME# supported from D0 D3hot D3cold
[    0.444958] pci 0000:c0:08.0: [1022:1452] type 00 class 0x060000
[    0.445021] pci 0000:c0:08.1: [1022:1454] type 01 class 0x060400
[    0.445061] pci 0000:c0:08.1: enabling Extended Tags
[    0.445169] pci 0000:c0:08.1: PME# supported from D0 D3hot D3cold
[    0.445887] pci 0000:c0:03.1: PCI bridge to [bus c3]
[    0.445955] pci 0000:c2:00.0: [1022:145a] type 00 class 0x130000
[    0.445991] pci 0000:c2:00.0: enabling Extended Tags
[    0.446095] pci 0000:c2:00.2: [1022:1456] type 00 class 0x108000
[    0.446114] pci 0000:c2:00.2: reg 0x18: [mem 0x9d200000-0x9d2fffff]
[    0.446125] pci 0000:c2:00.2: reg 0x24: [mem 0x9d300000-0x9d301fff]
[    0.446133] pci 0000:c2:00.2: enabling Extended Tags
[    0.446239] pci 0000:c0:07.1: PCI bridge to [bus c2]
[    0.446243] pci 0000:c0:07.1:   bridge window [mem 0x9d200000-0x9d3fffff]
[    0.446309] pci 0000:c1:00.0: [1022:1455] type 00 class 0x130000
[    0.446347] pci 0000:c1:00.0: enabling Extended Tags
[    0.446441] pci 0000:c1:00.1: [1022:1468] type 00 class 0x108000
[    0.446462] pci 0000:c1:00.1: reg 0x18: [mem 0x9d000000-0x9d0fffff]
[    0.446473] pci 0000:c1:00.1: reg 0x24: [mem 0x9d100000-0x9d101fff]
[    0.446481] pci 0000:c1:00.1: enabling Extended Tags
[    0.446596] pci 0000:c0:08.1: PCI bridge to [bus c1]
[    0.446601] pci 0000:c0:08.1:   bridge window [mem 0x9d000000-0x9d1fffff]
[    0.446620] pci_bus 0000:c0: on NUMA node 6
[    0.446651] ACPI: PCI Root Bridge [PC07] (domain 0000 [bus e0-ff])
[    0.446656] acpi PNP0A08:07: _OSC: OS supports [ExtendedConfig ASPM ClockPM Segments MSI EDR HPX-Type3]
[    0.446730] acpi PNP0A08:07: _OSC: platform does not support [SHPCHotplug AER LTR DPC]
[    0.446795] acpi PNP0A08:07: _OSC: OS now controls [PCIeHotplug PME PCIeCapability]
[    0.446796] acpi PNP0A08:07: FADT indicates ASPM is unsupported, using BIOS configuration
[    0.446852] PCI host bridge to bus 0000:e0
[    0.446853] pci_bus 0000:e0: root bus resource [io  0x8000-0x8fff window]
[    0.446854] pci_bus 0000:e0: root bus resource [mem 0x90000000-0x9cffffff window]
[    0.446855] pci_bus 0000:e0: root bus resource [mem 0x70570000000-0xffffffffffff window]
[    0.446856] pci_bus 0000:e0: root bus resource [bus e0-ff]
[    0.446862] pci 0000:e0:00.0: [1022:1450] type 00 class 0x060000
[    0.446929] pci 0000:e0:00.2: [1022:1451] type 00 class 0x080600
[    0.447029] pci 0000:e0:01.0: [1022:1452] type 00 class 0x060000
[    0.447108] pci 0000:e0:02.0: [1022:1452] type 00 class 0x060000
[    0.447192] pci 0000:e0:03.0: [1022:1452] type 00 class 0x060000
[    0.447261] pci 0000:e0:03.1: [1022:1453] type 01 class 0x060400
[    0.447325] pci 0000:e0:03.1: enabling Extended Tags
[    0.447925] pci 0000:e0:03.1: PME# supported from D0 D3hot D3cold
[    0.448063] pci 0000:e0:04.0: [1022:1452] type 00 class 0x060000
[    0.448147] pci 0000:e0:07.0: [1022:1452] type 00 class 0x060000
[    0.448217] pci 0000:e0:07.1: [1022:1454] type 01 class 0x060400
[    0.448258] pci 0000:e0:07.1: enabling Extended Tags
[    0.448349] pci 0000:e0:07.1: PME# supported from D0 D3hot D3cold
[    0.448958] pci 0000:e0:08.0: [1022:1452] type 00 class 0x060000
[    0.449027] pci 0000:e0:08.1: [1022:1454] type 01 class 0x060400
[    0.449070] pci 0000:e0:08.1: enabling Extended Tags
[    0.449174] pci 0000:e0:08.1: PME# supported from D0 D3hot D3cold
[    0.449908] pci 0000:e0:03.1: PCI bridge to [bus e3]
[    0.449978] pci 0000:e2:00.0: [1022:145a] type 00 class 0x130000
[    0.450018] pci 0000:e2:00.0: enabling Extended Tags
[    0.450116] pci 0000:e2:00.2: [1022:1456] type 00 class 0x108000
[    0.450137] pci 0000:e2:00.2: reg 0x18: [mem 0x90200000-0x902fffff]
[    0.450148] pci 0000:e2:00.2: reg 0x24: [mem 0x90300000-0x90301fff]
[    0.450156] pci 0000:e2:00.2: enabling Extended Tags
[    0.450273] pci 0000:e0:07.1: PCI bridge to [bus e2]
[    0.450277] pci 0000:e0:07.1:   bridge window [mem 0x90200000-0x903fffff]
[    0.450342] pci 0000:e1:00.0: [1022:1455] type 00 class 0x130000
[    0.450383] pci 0000:e1:00.0: enabling Extended Tags
[    0.450502] pci 0000:e1:00.1: [1022:1468] type 00 class 0x108000
[    0.450524] pci 0000:e1:00.1: reg 0x18: [mem 0x90000000-0x900fffff]
[    0.450536] pci 0000:e1:00.1: reg 0x24: [mem 0x90100000-0x90101fff]
[    0.450544] pci 0000:e1:00.1: enabling Extended Tags
[    0.450666] pci 0000:e0:08.1: PCI bridge to [bus e1]
[    0.450671] pci 0000:e0:08.1:   bridge window [mem 0x90000000-0x901fffff]
[    0.450691] pci_bus 0000:e0: on NUMA node 7
[    0.451279] iommu: Default domain type: Passthrough 
[    0.451279] pci 0000:01:00.1: vgaarb: setting as boot VGA device
[    0.451279] pci 0000:01:00.1: vgaarb: VGA device added: decodes=io+mem,owns=io+mem,locks=none
[    0.451279] pci 0000:01:00.1: vgaarb: bridge control possible
[    0.497108] PCI: Using ACPI for IRQ routing
[    0.514989] PCI: pci_cache_line_size set to 64 bytes
[    0.515596] NetLabel:  unlabeled traffic allowed by default
[    0.533340] pnp: PnP ACPI init
[    0.533623] pnp 00:00: Plug and Play ACPI device, IDs PNP0b00 (active)
[    0.533986] system 00:01: Plug and Play ACPI device, IDs PNP0c02 (active)
[    0.534015] pnp 00:02: Plug and Play ACPI device, IDs PNP0501 (active)
[    0.534033] pnp 00:03: Plug and Play ACPI device, IDs PNP0501 (active)
[    0.534154] pnp: PnP ACPI: found 4 devices
[    0.539905] pci 0000:00:01.1: BAR 14: assigned [mem 0xf2300000-0xf23fffff]
[    0.539907] pci 0000:00:01.2: BAR 14: assigned [mem 0xf2400000-0xf24fffff]
[    0.539910] pci 0000:04:00.0: BAR 6: assigned [mem 0xf2300000-0xf233ffff pref]
[    0.539913] pci 0000:04:00.1: BAR 6: assigned [mem 0xf2340000-0xf237ffff pref]
[    0.539914] pci 0000:04:00.2: BAR 6: assigned [mem 0xf2380000-0xf23bffff pref]
[    0.539916] pci 0000:04:00.3: BAR 6: assigned [mem 0xf23c0000-0xf23fffff pref]
[    0.539918] pci 0000:00:01.1: PCI bridge to [bus 04]
[    0.539921] pci 0000:00:01.1:   bridge window [mem 0xf2300000-0xf23fffff]
[    0.539924] pci 0000:00:01.1:   bridge window [mem 0xf1c00000-0xf1cfffff 64bit pref]
[    0.539928] pci 0000:05:00.0: BAR 6: assigned [mem 0xf2400000-0xf243ffff pref]
[    0.539930] pci 0000:05:00.1: BAR 6: assigned [mem 0xf2440000-0xf247ffff pref]
[    0.539931] pci 0000:05:00.2: BAR 6: assigned [mem 0xf2480000-0xf24bffff pref]
[    0.539933] pci 0000:05:00.3: BAR 6: assigned [mem 0xf24c0000-0xf24fffff pref]
[    0.539934] pci 0000:00:01.2: PCI bridge to [bus 05]
[    0.539937] pci 0000:00:01.2:   bridge window [mem 0xf2400000-0xf24fffff]
[    0.539939] pci 0000:00:01.2:   bridge window [mem 0xf1d00000-0xf1dfffff 64bit pref]
[    0.539944] pci 0000:01:00.2: BAR 6: assigned [mem 0xeb000000-0xeb00ffff pref]
[    0.539946] pci 0000:00:01.4: PCI bridge to [bus 01]
[    0.539948] pci 0000:00:01.4:   bridge window [io  0x1000-0x1fff]
[    0.539950] pci 0000:00:01.4:   bridge window [mem 0xeb000000-0xf1bfffff]
[    0.539955] pci 0000:00:07.1: PCI bridge to [bus 03]
[    0.539958] pci 0000:00:07.1:   bridge window [mem 0xf2000000-0xf22fffff]
[    0.539962] pci 0000:00:08.1: PCI bridge to [bus 02]
[    0.539964] pci 0000:00:08.1:   bridge window [mem 0xf1e00000-0xf1ffffff]
[    0.539975] pci_bus 0000:00: resource 4 [io  0x0000-0x03af window]
[    0.539976] pci_bus 0000:00: resource 5 [io  0x03e0-0x0cf7 window]
[    0.539976] pci_bus 0000:00: resource 6 [io  0x0d00-0x0fff window]
[    0.539977] pci_bus 0000:00: resource 7 [io  0x03b0-0x03bb window]
[    0.539978] pci_bus 0000:00: resource 8 [io  0x03c0-0x03df window]
[    0.539979] pci_bus 0000:00: resource 9 [mem 0x000a0000-0x000bffff window]
[    0.539980] pci_bus 0000:00: resource 10 [io  0x1000-0x1fff window]
[    0.539981] pci_bus 0000:00: resource 11 [mem 0xeb000000-0xfebfffff window]
[    0.539982] pci_bus 0000:00: resource 12 [mem 0x4080000000-0x1380fffffff window]
[    0.539983] pci_bus 0000:04: resource 1 [mem 0xf2300000-0xf23fffff]
[    0.539984] pci_bus 0000:04: resource 2 [mem 0xf1c00000-0xf1cfffff 64bit pref]
[    0.539986] pci_bus 0000:05: resource 1 [mem 0xf2400000-0xf24fffff]
[    0.539987] pci_bus 0000:05: resource 2 [mem 0xf1d00000-0xf1dfffff 64bit pref]
[    0.539988] pci_bus 0000:01: resource 0 [io  0x1000-0x1fff]
[    0.539989] pci_bus 0000:01: resource 1 [mem 0xeb000000-0xf1bfffff]
[    0.539990] pci_bus 0000:03: resource 1 [mem 0xf2000000-0xf22fffff]
[    0.539992] pci_bus 0000:02: resource 1 [mem 0xf1e00000-0xf1ffffff]
[    0.540021] pci 0000:23:00.0: BAR 6: no space for [mem size 0x00200000 pref]
[    0.540022] pci 0000:23:00.0: BAR 6: failed to assign [mem size 0x00200000 pref]
[    0.540023] pci 0000:20:01.1: PCI bridge to [bus 23]
[    0.540025] pci 0000:20:01.1:   bridge window [io  0x2000-0x2fff]
[    0.540028] pci 0000:20:01.1:   bridge window [mem 0xde400000-0xde4fffff]
[    0.540033] pci 0000:20:07.1: PCI bridge to [bus 22]
[    0.540035] pci 0000:20:07.1:   bridge window [mem 0xde200000-0xde3fffff]
[    0.540040] pci 0000:20:08.1: PCI bridge to [bus 21]
[    0.540042] pci 0000:20:08.1:   bridge window [mem 0xde000000-0xde1fffff]
[    0.540047] pci_bus 0000:20: resource 4 [io  0x2000-0x2fff window]
[    0.540048] pci_bus 0000:20: resource 5 [mem 0xde000000-0xeaffffff window]
[    0.540049] pci_bus 0000:20: resource 6 [mem 0x13810000000-0x22f9fffffff window]
[    0.540051] pci_bus 0000:23: resource 0 [io  0x2000-0x2fff]
[    0.540051] pci_bus 0000:23: resource 1 [mem 0xde400000-0xde4fffff]
[    0.540053] pci_bus 0000:22: resource 1 [mem 0xde200000-0xde3fffff]
[    0.540054] pci_bus 0000:21: resource 1 [mem 0xde000000-0xde1fffff]
[    0.540060] pci 0000:43:00.0: BAR 6: no space for [mem size 0x00100000 pref]
[    0.540061] pci 0000:43:00.0: BAR 6: failed to assign [mem size 0x00100000 pref]
[    0.540063] pci 0000:43:00.1: BAR 6: no space for [mem size 0x00100000 pref]
[    0.540064] pci 0000:43:00.1: BAR 6: failed to assign [mem size 0x00100000 pref]
[    0.540065] pci 0000:40:03.1: PCI bridge to [bus 43]
[    0.540068] pci 0000:40:03.1:   bridge window [mem 0xd2000000-0xd5ffffff]
[    0.540070] pci 0000:40:03.1:   bridge window [mem 0x22fa0000000-0x22fa0ffffff 64bit pref]
[    0.540074] pci 0000:40:07.1: PCI bridge to [bus 42]
[    0.540077] pci 0000:40:07.1:   bridge window [mem 0xd6200000-0xd63fffff]
[    0.540082] pci 0000:40:08.1: PCI bridge to [bus 41]
[    0.540084] pci 0000:40:08.1:   bridge window [mem 0xd6000000-0xd61fffff]
[    0.540089] pci_bus 0000:40: resource 4 [io  0x3000-0x3fff window]
[    0.540090] pci_bus 0000:40: resource 5 [mem 0xd1000000-0xddffffff window]
[    0.540091] pci_bus 0000:40: resource 6 [mem 0x22fa0000000-0x3272fffffff window]
[    0.540092] pci_bus 0000:43: resource 1 [mem 0xd2000000-0xd5ffffff]
[    0.540093] pci_bus 0000:43: resource 2 [mem 0x22fa0000000-0x22fa0ffffff 64bit pref]
[    0.540095] pci_bus 0000:42: resource 1 [mem 0xd6200000-0xd63fffff]
[    0.540096] pci_bus 0000:41: resource 1 [mem 0xd6000000-0xd61fffff]
[    0.540105] pci 0000:65:00.0: BAR 6: assigned [mem 0xc4480000-0xc449ffff pref]
[    0.540106] pci 0000:64:00.0: PCI bridge to [bus 65]
[    0.540108] pci 0000:64:00.0:   bridge window [io  0x4000-0x4fff]
[    0.540111] pci 0000:64:00.0:   bridge window [mem 0xc4400000-0xc44fffff]
[    0.540114] pci 0000:64:00.0:   bridge window [mem 0x32800000000-0x330001fffff 64bit pref]
[    0.540120] pci 0000:63:00.0: PCI bridge to [bus 64-65]
[    0.540121] pci 0000:63:00.0:   bridge window [io  0x4000-0x4fff]
[    0.540125] pci 0000:63:00.0:   bridge window [mem 0xc4400000-0xc44fffff]
[    0.540128] pci 0000:63:00.0:   bridge window [mem 0x32800000000-0x330001fffff 64bit pref]
[    0.540134] pci 0000:60:03.1: PCI bridge to [bus 63-65]
[    0.540135] pci 0000:60:03.1:   bridge window [io  0x4000-0x4fff]
[    0.540137] pci 0000:60:03.1:   bridge window [mem 0xc4400000-0xc45fffff]
[    0.540139] pci 0000:60:03.1:   bridge window [mem 0x32800000000-0x330001fffff 64bit pref]
[    0.540144] pci 0000:60:07.1: PCI bridge to [bus 62]
[    0.540146] pci 0000:60:07.1:   bridge window [mem 0xc4200000-0xc43fffff]
[    0.540150] pci 0000:60:08.1: PCI bridge to [bus 61]
[    0.540153] pci 0000:60:08.1:   bridge window [mem 0xc4000000-0xc41fffff]
[    0.540158] pci_bus 0000:60: resource 4 [io  0x4000-0x4fff window]
[    0.540159] pci_bus 0000:60: resource 5 [mem 0xc4000000-0xd0ffffff window]
[    0.540159] pci_bus 0000:60: resource 6 [mem 0x32730000000-0x41ebfffffff window]
[    0.540161] pci_bus 0000:63: resource 0 [io  0x4000-0x4fff]
[    0.540161] pci_bus 0000:63: resource 1 [mem 0xc4400000-0xc45fffff]
[    0.540162] pci_bus 0000:63: resource 2 [mem 0x32800000000-0x330001fffff 64bit pref]
[    0.540163] pci_bus 0000:64: resource 0 [io  0x4000-0x4fff]
[    0.540164] pci_bus 0000:64: resource 1 [mem 0xc4400000-0xc44fffff]
[    0.540165] pci_bus 0000:64: resource 2 [mem 0x32800000000-0x330001fffff 64bit pref]
[    0.540166] pci_bus 0000:65: resource 0 [io  0x4000-0x4fff]
[    0.540167] pci_bus 0000:65: resource 1 [mem 0xc4400000-0xc44fffff]
[    0.540168] pci_bus 0000:65: resource 2 [mem 0x32800000000-0x330001fffff 64bit pref]
[    0.540169] pci_bus 0000:62: resource 1 [mem 0xc4200000-0xc43fffff]
[    0.540170] pci_bus 0000:61: resource 1 [mem 0xc4000000-0xc41fffff]
[    0.540177] pci 0000:80:01.1: bridge window [io  0x1000-0x0fff] to [bus 83] add_size 1000
[    0.540179] pci 0000:80:01.1: bridge window [mem 0x00100000-0x000fffff 64bit pref] to [bus 83] add_size 200000 add_align 100000
[    0.540180] pci 0000:80:01.1: bridge window [mem 0x00100000-0x000fffff] to [bus 83] add_size 200000 add_align 100000
[    0.540182] pci 0000:80:01.2: bridge window [io  0x1000-0x0fff] to [bus 84] add_size 1000
[    0.540183] pci 0000:80:01.2: bridge window [mem 0x00100000-0x000fffff 64bit pref] to [bus 84] add_size 200000 add_align 100000
[    0.540184] pci 0000:80:01.2: bridge window [mem 0x00100000-0x000fffff] to [bus 84] add_size 200000 add_align 100000
[    0.540185] pci 0000:80:01.3: bridge window [io  0x1000-0x0fff] to [bus 85] add_size 1000
[    0.540186] pci 0000:80:01.3: bridge window [mem 0x00100000-0x000fffff 64bit pref] to [bus 85] add_size 200000 add_align 100000
[    0.540187] pci 0000:80:01.3: bridge window [mem 0x00100000-0x000fffff] to [bus 85] add_size 200000 add_align 100000
[    0.540189] pci 0000:80:01.4: bridge window [io  0x1000-0x0fff] to [bus 86] add_size 1000
[    0.540190] pci 0000:80:01.4: bridge window [mem 0x00100000-0x000fffff 64bit pref] to [bus 86] add_size 200000 add_align 100000
[    0.540191] pci 0000:80:01.4: bridge window [mem 0x00100000-0x000fffff] to [bus 86] add_size 200000 add_align 100000
[    0.540197] pci 0000:80:01.1: BAR 14: assigned [mem 0xb7400000-0xb75fffff]
[    0.540200] pci 0000:80:01.1: BAR 15: assigned [mem 0x41ec0000000-0x41ec01fffff 64bit pref]
[    0.540201] pci 0000:80:01.2: BAR 14: assigned [mem 0xb7600000-0xb77fffff]
[    0.540203] pci 0000:80:01.2: BAR 15: assigned [mem 0x41ec0200000-0x41ec03fffff 64bit pref]
[    0.540205] pci 0000:80:01.3: BAR 14: assigned [mem 0xb7800000-0xb79fffff]
[    0.540207] pci 0000:80:01.3: BAR 15: assigned [mem 0x41ec0400000-0x41ec05fffff 64bit pref]
[    0.540208] pci 0000:80:01.4: BAR 14: assigned [mem 0xb7a00000-0xb7bfffff]
[    0.540210] pci 0000:80:01.4: BAR 15: assigned [mem 0x41ec0600000-0x41ec07fffff 64bit pref]
[    0.540211] pci 0000:80:01.1: BAR 13: assigned [io  0x5000-0x5fff]
[    0.540212] pci 0000:80:01.2: BAR 13: no space for [io  size 0x1000]
[    0.540213] pci 0000:80:01.2: BAR 13: failed to assign [io  size 0x1000]
[    0.540214] pci 0000:80:01.3: BAR 13: no space for [io  size 0x1000]
[    0.540215] pci 0000:80:01.3: BAR 13: failed to assign [io  size 0x1000]
[    0.540216] pci 0000:80:01.4: BAR 13: no space for [io  size 0x1000]
[    0.540217] pci 0000:80:01.4: BAR 13: failed to assign [io  size 0x1000]
[    0.540223] pci 0000:80:01.4: BAR 13: assigned [io  0x5000-0x5fff]
[    0.540224] pci 0000:80:01.3: BAR 13: no space for [io  size 0x1000]
[    0.540225] pci 0000:80:01.3: BAR 13: failed to assign [io  size 0x1000]
[    0.540226] pci 0000:80:01.2: BAR 13: no space for [io  size 0x1000]
[    0.540227] pci 0000:80:01.2: BAR 13: failed to assign [io  size 0x1000]
[    0.540228] pci 0000:80:01.1: BAR 13: no space for [io  size 0x1000]
[    0.540229] pci 0000:80:01.1: BAR 13: failed to assign [io  size 0x1000]
[    0.540230] pci 0000:80:01.1: PCI bridge to [bus 83]
[    0.540233] pci 0000:80:01.1:   bridge window [mem 0xb7400000-0xb75fffff]
[    0.540235] pci 0000:80:01.1:   bridge window [mem 0x41ec0000000-0x41ec01fffff 64bit pref]
[    0.540239] pci 0000:80:01.2: PCI bridge to [bus 84]
[    0.540242] pci 0000:80:01.2:   bridge window [mem 0xb7600000-0xb77fffff]
[    0.540244] pci 0000:80:01.2:   bridge window [mem 0x41ec0200000-0x41ec03fffff 64bit pref]
[    0.540248] pci 0000:80:01.3: PCI bridge to [bus 85]
[    0.540251] pci 0000:80:01.3:   bridge window [mem 0xb7800000-0xb79fffff]
[    0.540253] pci 0000:80:01.3:   bridge window [mem 0x41ec0400000-0x41ec05fffff 64bit pref]
[    0.540257] pci 0000:80:01.4: PCI bridge to [bus 86]
[    0.540259] pci 0000:80:01.4:   bridge window [io  0x5000-0x5fff]
[    0.540262] pci 0000:80:01.4:   bridge window [mem 0xb7a00000-0xb7bfffff]
[    0.540264] pci 0000:80:01.4:   bridge window [mem 0x41ec0600000-0x41ec07fffff 64bit pref]
[    0.540269] pci 0000:80:07.1: PCI bridge to [bus 82]
[    0.540271] pci 0000:80:07.1:   bridge window [mem 0xb7200000-0xb73fffff]
[    0.540277] pci 0000:80:08.1: PCI bridge to [bus 81]
[    0.540279] pci 0000:80:08.1:   bridge window [mem 0xb7000000-0xb71fffff]
[    0.540285] pci_bus 0000:80: resource 4 [io  0x5000-0x5fff window]
[    0.540286] pci_bus 0000:80: resource 5 [mem 0xb7000000-0xc3ffffff window]
[    0.540287] pci_bus 0000:80: resource 6 [mem 0x41ec0000000-0x5164fffffff window]
[    0.540288] pci_bus 0000:83: resource 1 [mem 0xb7400000-0xb75fffff]
[    0.540289] pci_bus 0000:83: resource 2 [mem 0x41ec0000000-0x41ec01fffff 64bit pref]
[    0.540290] pci_bus 0000:84: resource 1 [mem 0xb7600000-0xb77fffff]
[    0.540291] pci_bus 0000:84: resource 2 [mem 0x41ec0200000-0x41ec03fffff 64bit pref]
[    0.540292] pci_bus 0000:85: resource 1 [mem 0xb7800000-0xb79fffff]
[    0.540292] pci_bus 0000:85: resource 2 [mem 0x41ec0400000-0x41ec05fffff 64bit pref]
[    0.540294] pci_bus 0000:86: resource 0 [io  0x5000-0x5fff]
[    0.540294] pci_bus 0000:86: resource 1 [mem 0xb7a00000-0xb7bfffff]
[    0.540295] pci_bus 0000:86: resource 2 [mem 0x41ec0600000-0x41ec07fffff 64bit pref]
[    0.540296] pci_bus 0000:82: resource 1 [mem 0xb7200000-0xb73fffff]
[    0.540297] pci_bus 0000:81: resource 1 [mem 0xb7000000-0xb71fffff]
[    0.540301] pci 0000:a0:01.1: bridge window [io  0x1000-0x0fff] to [bus a3] add_size 1000
[    0.540303] pci 0000:a0:01.1: bridge window [mem 0x00100000-0x000fffff 64bit pref] to [bus a3] add_size 200000 add_align 100000
[    0.540304] pci 0000:a0:01.1: bridge window [mem 0x00100000-0x000fffff] to [bus a3] add_size 200000 add_align 100000
[    0.540307] pci 0000:a0:01.1: BAR 14: assigned [mem 0xaa400000-0xaa5fffff]
[    0.540310] pci 0000:a0:01.1: BAR 15: assigned [mem 0x51650000000-0x516501fffff 64bit pref]
[    0.540311] pci 0000:a0:01.1: BAR 13: assigned [io  0x6000-0x6fff]
[    0.540312] pci 0000:a0:01.1: PCI bridge to [bus a3]
[    0.540314] pci 0000:a0:01.1:   bridge window [io  0x6000-0x6fff]
[    0.540318] pci 0000:a0:01.1:   bridge window [mem 0xaa400000-0xaa5fffff]
[    0.540321] pci 0000:a0:01.1:   bridge window [mem 0x51650000000-0x516501fffff 64bit pref]
[    0.540327] pci 0000:a0:07.1: PCI bridge to [bus a2]
[    0.540329] pci 0000:a0:07.1:   bridge window [mem 0xaa200000-0xaa3fffff]
[    0.540334] pci 0000:a0:08.1: PCI bridge to [bus a1]
[    0.540337] pci 0000:a0:08.1:   bridge window [mem 0xaa000000-0xaa1fffff]
[    0.540343] pci_bus 0000:a0: resource 4 [io  0x6000-0x6fff window]
[    0.540343] pci_bus 0000:a0: resource 5 [mem 0xaa000000-0xb6ffffff window]
[    0.540344] pci_bus 0000:a0: resource 6 [mem 0x51650000000-0x60ddfffffff window]
[    0.540346] pci_bus 0000:a3: resource 0 [io  0x6000-0x6fff]
[    0.540346] pci_bus 0000:a3: resource 1 [mem 0xaa400000-0xaa5fffff]
[    0.540347] pci_bus 0000:a3: resource 2 [mem 0x51650000000-0x516501fffff 64bit pref]
[    0.540349] pci_bus 0000:a2: resource 1 [mem 0xaa200000-0xaa3fffff]
[    0.540350] pci_bus 0000:a1: resource 1 [mem 0xaa000000-0xaa1fffff]
[    0.540353] pci 0000:c0:03.1: bridge window [io  0x1000-0x0fff] to [bus c3] add_size 1000
[    0.540355] pci 0000:c0:03.1: bridge window [mem 0x00100000-0x000fffff 64bit pref] to [bus c3] add_size 200000 add_align 100000
[    0.540356] pci 0000:c0:03.1: bridge window [mem 0x00100000-0x000fffff] to [bus c3] add_size 200000 add_align 100000
[    0.540359] pci 0000:c0:03.1: BAR 14: assigned [mem 0x9d400000-0x9d5fffff]
[    0.540361] pci 0000:c0:03.1: BAR 15: assigned [mem 0x60de0000000-0x60de01fffff 64bit pref]
[    0.540362] pci 0000:c0:03.1: BAR 13: assigned [io  0x7000-0x7fff]
[    0.540363] pci 0000:c0:03.1: PCI bridge to [bus c3]
[    0.540365] pci 0000:c0:03.1:   bridge window [io  0x7000-0x7fff]
[    0.540369] pci 0000:c0:03.1:   bridge window [mem 0x9d400000-0x9d5fffff]
[    0.540372] pci 0000:c0:03.1:   bridge window [mem 0x60de0000000-0x60de01fffff 64bit pref]
[    0.540377] pci 0000:c0:07.1: PCI bridge to [bus c2]
[    0.540380] pci 0000:c0:07.1:   bridge window [mem 0x9d200000-0x9d3fffff]
[    0.540385] pci 0000:c0:08.1: PCI bridge to [bus c1]
[    0.540388] pci 0000:c0:08.1:   bridge window [mem 0x9d000000-0x9d1fffff]
[    0.540392] pci_bus 0000:c0: resource 4 [io  0x7000-0x7fff window]
[    0.540393] pci_bus 0000:c0: resource 5 [mem 0x9d000000-0xa9ffffff window]
[    0.540394] pci_bus 0000:c0: resource 6 [mem 0x60de0000000-0x7056fffffff window]
[    0.540395] pci_bus 0000:c3: resource 0 [io  0x7000-0x7fff]
[    0.540396] pci_bus 0000:c3: resource 1 [mem 0x9d400000-0x9d5fffff]
[    0.540397] pci_bus 0000:c3: resource 2 [mem 0x60de0000000-0x60de01fffff 64bit pref]
[    0.540398] pci_bus 0000:c2: resource 1 [mem 0x9d200000-0x9d3fffff]
[    0.540399] pci_bus 0000:c1: resource 1 [mem 0x9d000000-0x9d1fffff]
[    0.540402] pci 0000:e0:03.1: bridge window [io  0x1000-0x0fff] to [bus e3] add_size 1000
[    0.540403] pci 0000:e0:03.1: bridge window [mem 0x00100000-0x000fffff 64bit pref] to [bus e3] add_size 200000 add_align 100000
[    0.540404] pci 0000:e0:03.1: bridge window [mem 0x00100000-0x000fffff] to [bus e3] add_size 200000 add_align 100000
[    0.540407] pci 0000:e0:03.1: BAR 14: assigned [mem 0x90400000-0x905fffff]
[    0.540409] pci 0000:e0:03.1: BAR 15: assigned [mem 0x70570000000-0x705701fffff 64bit pref]
[    0.540410] pci 0000:e0:03.1: BAR 13: assigned [io  0x8000-0x8fff]
[    0.540412] pci 0000:e0:03.1: PCI bridge to [bus e3]
[    0.540413] pci 0000:e0:03.1:   bridge window [io  0x8000-0x8fff]
[    0.540417] pci 0000:e0:03.1:   bridge window [mem 0x90400000-0x905fffff]
[    0.540420] pci 0000:e0:03.1:   bridge window [mem 0x70570000000-0x705701fffff 64bit pref]
[    0.540424] pci 0000:e0:07.1: PCI bridge to [bus e2]
[    0.540427] pci 0000:e0:07.1:   bridge window [mem 0x90200000-0x903fffff]
[    0.540433] pci 0000:e0:08.1: PCI bridge to [bus e1]
[    0.540436] pci 0000:e0:08.1:   bridge window [mem 0x90000000-0x901fffff]
[    0.540441] pci_bus 0000:e0: resource 4 [io  0x8000-0x8fff window]
[    0.540442] pci_bus 0000:e0: resource 5 [mem 0x90000000-0x9cffffff window]
[    0.540443] pci_bus 0000:e0: resource 6 [mem 0x70570000000-0xffffffffffff window]
[    0.540444] pci_bus 0000:e3: resource 0 [io  0x8000-0x8fff]
[    0.540445] pci_bus 0000:e3: resource 1 [mem 0x90400000-0x905fffff]
[    0.540446] pci_bus 0000:e3: resource 2 [mem 0x70570000000-0x705701fffff 64bit pref]
[    0.540447] pci_bus 0000:e2: resource 1 [mem 0x90200000-0x903fffff]
[    0.540448] pci_bus 0000:e1: resource 1 [mem 0x90000000-0x901fffff]
[    0.543996] pci 0000:01:00.1: Video device with shadowed ROM at [mem 0x000c0000-0x000dffff]
[    0.544255] pci 0000:03:00.3: enabling device (0140 -> 0142)
[    0.544836] PCI: CLS 64 bytes, default 64
[    1.192092] pci 0000:00:00.2: IOMMU performance counters supported
[    1.192190] pci 0000:20:00.2: IOMMU performance counters supported
[    1.192243] pci 0000:40:00.2: IOMMU performance counters supported
[    1.192290] pci 0000:60:00.2: IOMMU performance counters supported
[    1.192335] pci 0000:80:00.2: IOMMU performance counters supported
[    1.192384] pci 0000:a0:00.2: IOMMU performance counters supported
[    1.192432] pci 0000:c0:00.2: IOMMU performance counters supported
[    1.192482] pci 0000:e0:00.2: IOMMU performance counters supported
[    1.192568] pci 0000:00:01.0: Adding to iommu group 0
[    1.192602] pci 0000:00:01.1: Adding to iommu group 1
[    1.192641] pci 0000:00:01.2: Adding to iommu group 2
[    1.192675] pci 0000:00:01.4: Adding to iommu group 3
[    1.192722] pci 0000:00:02.0: Adding to iommu group 4
[    1.192771] pci 0000:00:03.0: Adding to iommu group 5
[    1.192819] pci 0000:00:04.0: Adding to iommu group 6
[    1.192870] pci 0000:00:07.0: Adding to iommu group 7
[    1.192902] pci 0000:00:07.1: Adding to iommu group 8
[    1.192955] pci 0000:00:08.0: Adding to iommu group 9
[    1.192987] pci 0000:00:08.1: Adding to iommu group 10
[    1.193065] pci 0000:00:14.0: Adding to iommu group 11
[    1.193090] pci 0000:00:14.3: Adding to iommu group 11
[    1.193279] pci 0000:00:18.0: Adding to iommu group 12
[    1.193306] pci 0000:00:18.1: Adding to iommu group 12
[    1.193333] pci 0000:00:18.2: Adding to iommu group 12
[    1.193359] pci 0000:00:18.3: Adding to iommu group 12
[    1.193384] pci 0000:00:18.4: Adding to iommu group 12
[    1.193411] pci 0000:00:18.5: Adding to iommu group 12
[    1.193437] pci 0000:00:18.6: Adding to iommu group 12
[    1.193463] pci 0000:00:18.7: Adding to iommu group 12
[    1.193654] pci 0000:00:19.0: Adding to iommu group 13
[    1.193683] pci 0000:00:19.1: Adding to iommu group 13
[    1.193710] pci 0000:00:19.2: Adding to iommu group 13
[    1.193738] pci 0000:00:19.3: Adding to iommu group 13
[    1.193766] pci 0000:00:19.4: Adding to iommu group 13
[    1.193793] pci 0000:00:19.5: Adding to iommu group 13
[    1.193821] pci 0000:00:19.6: Adding to iommu group 13
[    1.193848] pci 0000:00:19.7: Adding to iommu group 13
[    1.194039] pci 0000:00:1a.0: Adding to iommu group 14
[    1.194066] pci 0000:00:1a.1: Adding to iommu group 14
[    1.194096] pci 0000:00:1a.2: Adding to iommu group 14
[    1.194125] pci 0000:00:1a.3: Adding to iommu group 14
[    1.194152] pci 0000:00:1a.4: Adding to iommu group 14
[    1.194185] pci 0000:00:1a.5: Adding to iommu group 14
[    1.194214] pci 0000:00:1a.6: Adding to iommu group 14
[    1.194244] pci 0000:00:1a.7: Adding to iommu group 14
[    1.194434] pci 0000:00:1b.0: Adding to iommu group 15
[    1.194464] pci 0000:00:1b.1: Adding to iommu group 15
[    1.194493] pci 0000:00:1b.2: Adding to iommu group 15
[    1.194522] pci 0000:00:1b.3: Adding to iommu group 15
[    1.194551] pci 0000:00:1b.4: Adding to iommu group 15
[    1.194584] pci 0000:00:1b.5: Adding to iommu group 15
[    1.194614] pci 0000:00:1b.6: Adding to iommu group 15
[    1.194644] pci 0000:00:1b.7: Adding to iommu group 15
[    1.194832] pci 0000:00:1c.0: Adding to iommu group 16
[    1.194862] pci 0000:00:1c.1: Adding to iommu group 16
[    1.194895] pci 0000:00:1c.2: Adding to iommu group 16
[    1.194926] pci 0000:00:1c.3: Adding to iommu group 16
[    1.194956] pci 0000:00:1c.4: Adding to iommu group 16
[    1.194985] pci 0000:00:1c.5: Adding to iommu group 16
[    1.195022] pci 0000:00:1c.6: Adding to iommu group 16
[    1.195051] pci 0000:00:1c.7: Adding to iommu group 16
[    1.195242] pci 0000:00:1d.0: Adding to iommu group 17
[    1.195274] pci 0000:00:1d.1: Adding to iommu group 17
[    1.195304] pci 0000:00:1d.2: Adding to iommu group 17
[    1.195335] pci 0000:00:1d.3: Adding to iommu group 17
[    1.195366] pci 0000:00:1d.4: Adding to iommu group 17
[    1.195398] pci 0000:00:1d.5: Adding to iommu group 17
[    1.195430] pci 0000:00:1d.6: Adding to iommu group 17
[    1.195462] pci 0000:00:1d.7: Adding to iommu group 17
[    1.195655] pci 0000:00:1e.0: Adding to iommu group 18
[    1.195685] pci 0000:00:1e.1: Adding to iommu group 18
[    1.195717] pci 0000:00:1e.2: Adding to iommu group 18
[    1.195749] pci 0000:00:1e.3: Adding to iommu group 18
[    1.195782] pci 0000:00:1e.4: Adding to iommu group 18
[    1.195813] pci 0000:00:1e.5: Adding to iommu group 18
[    1.195845] pci 0000:00:1e.6: Adding to iommu group 18
[    1.195875] pci 0000:00:1e.7: Adding to iommu group 18
[    1.196070] pci 0000:00:1f.0: Adding to iommu group 19
[    1.196103] pci 0000:00:1f.1: Adding to iommu group 19
[    1.196135] pci 0000:00:1f.2: Adding to iommu group 19
[    1.196168] pci 0000:00:1f.3: Adding to iommu group 19
[    1.196200] pci 0000:00:1f.4: Adding to iommu group 19
[    1.196239] pci 0000:00:1f.5: Adding to iommu group 19
[    1.196271] pci 0000:00:1f.6: Adding to iommu group 19
[    1.196304] pci 0000:00:1f.7: Adding to iommu group 19
[    1.196431] pci 0000:04:00.0: Adding to iommu group 20
[    1.196479] pci 0000:04:00.1: Adding to iommu group 20
[    1.196524] pci 0000:04:00.2: Adding to iommu group 20
[    1.196572] pci 0000:04:00.3: Adding to iommu group 20
[    1.196703] pci 0000:05:00.0: Adding to iommu group 21
[    1.196751] pci 0000:05:00.1: Adding to iommu group 21
[    1.196799] pci 0000:05:00.2: Adding to iommu group 21
[    1.196847] pci 0000:05:00.3: Adding to iommu group 21
[    1.196961] pci 0000:01:00.0: Adding to iommu group 22
[    1.197007] pci 0000:01:00.1: Adding to iommu group 22
[    1.197045] pci 0000:01:00.2: Adding to iommu group 22
[    1.197086] pci 0000:01:00.4: Adding to iommu group 22
[    1.197120] pci 0000:03:00.0: Adding to iommu group 23
[    1.197153] pci 0000:03:00.2: Adding to iommu group 24
[    1.197188] pci 0000:03:00.3: Adding to iommu group 25
[    1.197229] pci 0000:02:00.0: Adding to iommu group 26
[    1.197262] pci 0000:02:00.1: Adding to iommu group 27
[    1.197317] pci 0000:20:01.0: Adding to iommu group 28
[    1.197357] pci 0000:20:01.1: Adding to iommu group 29
[    1.197406] pci 0000:20:02.0: Adding to iommu group 30
[    1.197454] pci 0000:20:03.0: Adding to iommu group 31
[    1.197503] pci 0000:20:04.0: Adding to iommu group 32
[    1.197556] pci 0000:20:07.0: Adding to iommu group 33
[    1.197591] pci 0000:20:07.1: Adding to iommu group 34
[    1.197644] pci 0000:20:08.0: Adding to iommu group 35
[    1.197682] pci 0000:20:08.1: Adding to iommu group 36
[    1.197719] pci 0000:23:00.0: Adding to iommu group 37
[    1.197757] pci 0000:22:00.0: Adding to iommu group 38
[    1.197791] pci 0000:22:00.2: Adding to iommu group 39
[    1.197829] pci 0000:21:00.0: Adding to iommu group 40
[    1.197868] pci 0000:21:00.1: Adding to iommu group 41
[    1.197915] pci 0000:40:01.0: Adding to iommu group 42
[    1.197963] pci 0000:40:02.0: Adding to iommu group 43
[    1.198022] pci 0000:40:03.0: Adding to iommu group 44
[    1.198056] pci 0000:40:03.1: Adding to iommu group 45
[    1.198103] pci 0000:40:04.0: Adding to iommu group 46
[    1.198153] pci 0000:40:07.0: Adding to iommu group 47
[    1.198184] pci 0000:40:07.1: Adding to iommu group 48
[    1.198235] pci 0000:40:08.0: Adding to iommu group 49
[    1.198266] pci 0000:40:08.1: Adding to iommu group 50
[    1.198419] pci 0000:43:00.0: Adding to iommu group 51
[    1.198544] pci 0000:43:00.1: Adding to iommu group 52
[    1.198577] pci 0000:42:00.0: Adding to iommu group 53
[    1.198609] pci 0000:42:00.2: Adding to iommu group 54
[    1.198646] pci 0000:41:00.0: Adding to iommu group 55
[    1.198680] pci 0000:41:00.1: Adding to iommu group 56
[    1.198727] pci 0000:60:01.0: Adding to iommu group 57
[    1.198776] pci 0000:60:02.0: Adding to iommu group 58
[    1.198833] pci 0000:60:03.0: Adding to iommu group 59
[    1.198871] pci 0000:60:03.1: Adding to iommu group 60
[    1.198918] pci 0000:60:04.0: Adding to iommu group 61
[    1.198969] pci 0000:60:07.0: Adding to iommu group 62
[    1.198999] pci 0000:60:07.1: Adding to iommu group 63
[    1.199051] pci 0000:60:08.0: Adding to iommu group 64
[    1.199083] pci 0000:60:08.1: Adding to iommu group 65
[    1.199124] pci 0000:63:00.0: Adding to iommu group 66
[    1.199164] pci 0000:64:00.0: Adding to iommu group 67
[    1.199206] pci 0000:65:00.0: Adding to iommu group 68
[    1.199240] pci 0000:62:00.0: Adding to iommu group 69
[    1.199275] pci 0000:62:00.2: Adding to iommu group 70
[    1.199313] pci 0000:61:00.0: Adding to iommu group 71
[    1.199346] pci 0000:61:00.1: Adding to iommu group 72
[    1.199410] pci 0000:80:01.0: Adding to iommu group 73
[    1.199449] pci 0000:80:01.1: Adding to iommu group 74
[    1.199486] pci 0000:80:01.2: Adding to iommu group 75
[    1.199523] pci 0000:80:01.3: Adding to iommu group 76
[    1.199559] pci 0000:80:01.4: Adding to iommu group 77
[    1.199607] pci 0000:80:02.0: Adding to iommu group 78
[    1.199654] pci 0000:80:03.0: Adding to iommu group 79
[    1.199702] pci 0000:80:04.0: Adding to iommu group 80
[    1.199755] pci 0000:80:07.0: Adding to iommu group 81
[    1.199787] pci 0000:80:07.1: Adding to iommu group 82
[    1.199839] pci 0000:80:08.0: Adding to iommu group 83
[    1.199872] pci 0000:80:08.1: Adding to iommu group 84
[    1.199910] pci 0000:82:00.0: Adding to iommu group 85
[    1.199946] pci 0000:82:00.2: Adding to iommu group 86
[    1.199992] pci 0000:81:00.0: Adding to iommu group 87
[    1.200029] pci 0000:81:00.1: Adding to iommu group 88
[    1.200086] pci 0000:a0:01.0: Adding to iommu group 89
[    1.200126] pci 0000:a0:01.1: Adding to iommu group 90
[    1.200174] pci 0000:a0:02.0: Adding to iommu group 91
[    1.200220] pci 0000:a0:03.0: Adding to iommu group 92
[    1.200267] pci 0000:a0:04.0: Adding to iommu group 93
[    1.200317] pci 0000:a0:07.0: Adding to iommu group 94
[    1.200350] pci 0000:a0:07.1: Adding to iommu group 95
[    1.200403] pci 0000:a0:08.0: Adding to iommu group 96
[    1.200437] pci 0000:a0:08.1: Adding to iommu group 97
[    1.200473] pci 0000:a2:00.0: Adding to iommu group 98
[    1.200507] pci 0000:a2:00.2: Adding to iommu group 99
[    1.200546] pci 0000:a1:00.0: Adding to iommu group 100
[    1.200583] pci 0000:a1:00.1: Adding to iommu group 101
[    1.200631] pci 0000:c0:01.0: Adding to iommu group 102
[    1.200679] pci 0000:c0:02.0: Adding to iommu group 103
[    1.200733] pci 0000:c0:03.0: Adding to iommu group 104
[    1.200770] pci 0000:c0:03.1: Adding to iommu group 105
[    1.200817] pci 0000:c0:04.0: Adding to iommu group 106
[    1.200865] pci 0000:c0:07.0: Adding to iommu group 107
[    1.200898] pci 0000:c0:07.1: Adding to iommu group 108
[    1.200948] pci 0000:c0:08.0: Adding to iommu group 109
[    1.200983] pci 0000:c0:08.1: Adding to iommu group 110
[    1.201024] pci 0000:c2:00.0: Adding to iommu group 111
[    1.201059] pci 0000:c2:00.2: Adding to iommu group 112
[    1.201095] pci 0000:c1:00.0: Adding to iommu group 113
[    1.201129] pci 0000:c1:00.1: Adding to iommu group 114
[    1.201178] pci 0000:e0:01.0: Adding to iommu group 115
[    1.201227] pci 0000:e0:02.0: Adding to iommu group 116
[    1.201280] pci 0000:e0:03.0: Adding to iommu group 117
[    1.201318] pci 0000:e0:03.1: Adding to iommu group 118
[    1.201368] pci 0000:e0:04.0: Adding to iommu group 119
[    1.201420] pci 0000:e0:07.0: Adding to iommu group 120
[    1.201453] pci 0000:e0:07.1: Adding to iommu group 121
[    1.201503] pci 0000:e0:08.0: Adding to iommu group 122
[    1.201536] pci 0000:e0:08.1: Adding to iommu group 123
[    1.201573] pci 0000:e2:00.0: Adding to iommu group 124
[    1.201611] pci 0000:e2:00.2: Adding to iommu group 125
[    1.201654] pci 0000:e1:00.0: Adding to iommu group 126
[    1.201692] pci 0000:e1:00.1: Adding to iommu group 127
[    1.202627] pci 0000:00:00.2: Found IOMMU cap 0x40
[    1.202628] pci 0000:00:00.2: Extended features (0xf77ef22294ada):
[    1.202631] pci 0000:20:00.2: Found IOMMU cap 0x40
[    1.202631] pci 0000:20:00.2: Extended features (0xf77ef22294ada):
[    1.202633] pci 0000:40:00.2: Found IOMMU cap 0x40
[    1.202634] pci 0000:40:00.2: Extended features (0xf77ef22294ada):
[    1.202635] pci 0000:60:00.2: Found IOMMU cap 0x40
[    1.202636] pci 0000:60:00.2: Extended features (0xf77ef22294ada):
[    1.202638] pci 0000:80:00.2: Found IOMMU cap 0x40
[    1.202638] pci 0000:80:00.2: Extended features (0xf77ef22294ada):
[    1.202640] pci 0000:a0:00.2: Found IOMMU cap 0x40
[    1.202640] pci 0000:a0:00.2: Extended features (0xf77ef22294ada):
[    1.202642] pci 0000:c0:00.2: Found IOMMU cap 0x40
[    1.202643] pci 0000:c0:00.2: Extended features (0xf77ef22294ada):
[    1.202644] pci 0000:e0:00.2: Found IOMMU cap 0x40
[    1.202645] pci 0000:e0:00.2: Extended features (0xf77ef22294ada):
[    1.203763] PCI-DMA: Using software bounce buffering for IO (SWIOTLB)
[    1.214864] perf/amd_iommu: Detected AMD IOMMU #0 (2 banks, 4 counters/bank).
[    1.214884] perf/amd_iommu: Detected AMD IOMMU #1 (2 banks, 4 counters/bank).
[    1.214916] perf/amd_iommu: Detected AMD IOMMU #2 (2 banks, 4 counters/bank).
[    1.214943] perf/amd_iommu: Detected AMD IOMMU #3 (2 banks, 4 counters/bank).
[    1.214961] perf/amd_iommu: Detected AMD IOMMU #4 (2 banks, 4 counters/bank).
[    1.214981] perf/amd_iommu: Detected AMD IOMMU #5 (2 banks, 4 counters/bank).
[    1.215007] perf/amd_iommu: Detected AMD IOMMU #6 (2 banks, 4 counters/bank).
[    1.215025] perf/amd_iommu: Detected AMD IOMMU #7 (2 banks, 4 counters/bank).
[    1.347837] atomic64_test: passed for x86-64 platform with CX8 and with SSE
[    1.348765] pcieport 0000:00:01.1: Signaling with IRQ 33
[    1.349755] pcieport 0000:00:01.2: Signaling with IRQ 34
[    1.350749] pcieport 0000:00:01.4: Signaling with IRQ 35
[    1.351739] pcieport 0000:00:07.1: Signaling with IRQ 36
[    1.352794] pcieport 0000:00:08.1: Signaling with IRQ 38
[    1.354256] pcieport 0000:20:01.1: Signaling with IRQ 39
[    1.354596] pcieport 0000:20:07.1: Signaling with IRQ 41
[    1.355263] pcieport 0000:20:08.1: Signaling with IRQ 43
[    1.356091] pcieport 0000:40:03.1: Signaling with IRQ 44
[    1.356934] pcieport 0000:40:07.1: Signaling with IRQ 46
[    1.357196] pcieport 0000:40:08.1: Signaling with IRQ 48
[    1.357617] pcieport 0000:60:03.1: Signaling with IRQ 49
[    1.358366] pcieport 0000:60:07.1: Signaling with IRQ 51
[    1.358616] pcieport 0000:60:08.1: Signaling with IRQ 53
[    1.360838] pcieport 0000:80:01.1: Signaling with IRQ 56
[    1.360873] pcieport 0000:80:01.1: Slot #21 AttnBtn+ PwrCtrl+ MRL- AttnInd+ PwrInd+ HotPlug+ Surprise+ Interlock+ NoCompl- IbPresDis- LLActRep+
[    1.362628] pcieport 0000:80:01.1: Slot(21): Card present
[    1.362631] pcieport 0000:80:01.1: Slot(21): Already enabled
[    1.363840] pcieport 0000:80:01.2: Signaling with IRQ 57
[    1.363861] pcieport 0000:80:01.2: Slot #22 AttnBtn+ PwrCtrl+ MRL- AttnInd+ PwrInd+ HotPlug+ Surprise+ Interlock+ NoCompl- IbPresDis- LLActRep+
[    1.365626] pcieport 0000:80:01.2: Slot(22): Card present
[    1.365628] pcieport 0000:80:01.2: Slot(22): Already enabled
[    1.366824] pcieport 0000:80:01.3: Signaling with IRQ 58
[    1.366847] pcieport 0000:80:01.3: Slot #23 AttnBtn+ PwrCtrl+ MRL- AttnInd+ PwrInd+ HotPlug+ Surprise+ Interlock+ NoCompl- IbPresDis- LLActRep+
[    1.368648] pcieport 0000:80:01.3: Slot(23): Card present
[    1.368652] pcieport 0000:80:01.3: Slot(23): Already enabled
[    1.369827] pcieport 0000:80:01.4: Signaling with IRQ 59
[    1.369846] pcieport 0000:80:01.4: Slot #24 AttnBtn+ PwrCtrl+ MRL- AttnInd+ PwrInd+ HotPlug+ Surprise+ Interlock+ NoCompl- IbPresDis- LLActRep+
[    1.371902] pcieport 0000:80:01.4: Slot(24): Card present
[    1.371904] pcieport 0000:80:01.4: Slot(24): Already enabled
[    1.372768] pcieport 0000:80:07.1: Signaling with IRQ 61
[    1.373888] pcieport 0000:80:08.1: Signaling with IRQ 63
[    1.375570] pcieport 0000:a0:01.1: Signaling with IRQ 64
[    1.375606] pcieport 0000:a0:01.1: Slot #0 AttnBtn- PwrCtrl- MRL- AttnInd- PwrInd- HotPlug+ Surprise- Interlock- NoCompl+ IbPresDis- LLActRep+
[    1.376466] pcieport 0000:a0:07.1: Signaling with IRQ 66
[    1.376727] pcieport 0000:a0:08.1: Signaling with IRQ 68
[    1.377486] pcieport 0000:c0:03.1: Signaling with IRQ 69
[    1.377519] pcieport 0000:c0:03.1: Slot #0 AttnBtn- PwrCtrl- MRL- AttnInd- PwrInd- HotPlug+ Surprise- Interlock- NoCompl+ IbPresDis- LLActRep+
[    1.378381] pcieport 0000:c0:07.1: Signaling with IRQ 71
[    1.378642] pcieport 0000:c0:08.1: Signaling with IRQ 73
[    1.379467] pcieport 0000:e0:03.1: Signaling with IRQ 74
[    1.379497] pcieport 0000:e0:03.1: Slot #0 AttnBtn- PwrCtrl- MRL- AttnInd- PwrInd- HotPlug+ Surprise- Interlock- NoCompl+ IbPresDis- LLActRep+
[    1.380377] pcieport 0000:e0:07.1: Signaling with IRQ 76
[    1.380659] pcieport 0000:e0:08.1: Signaling with IRQ 78
[    1.381060] shpchp: Standard Hot Plug PCI Controller Driver version: 0.4
[    1.406965] input: Power Button as /devices/LNXSYSTM:00/LNXSYBUS:00/PNP0C0C:00/input/input0
[    1.406996] ACPI: Power Button [PWRB]
[    1.407044] input: Power Button as /devices/LNXSYSTM:00/LNXPWRBN:00/input/input1
[    1.407114] ACPI: Power Button [PWRF]
[    1.429293] ERST: Error Record Serialization Table (ERST) support is initialized.
[    1.489281] ehci-pci: EHCI PCI platform driver
[    1.489516] ehci-pci 0000:01:00.4: EHCI Host Controller
[    1.489556] ehci-pci 0000:01:00.4: new USB bus registered, assigned bus number 1
[    1.489625] ehci-pci 0000:01:00.4: irq 79, io mem 0xf1ba4000
[    1.496065] ehci-pci 0000:01:00.4: USB 2.0 started, EHCI 1.00
[    1.496559] ohci-pci: OHCI PCI platform driver
[    1.497757] i8042: PNP: No PS/2 controller found.
[    2.017318] i8042: probe of i8042 failed with error -5
[    2.316966] systemd[1]: systemd 239 (239-41.el8_3.2) running in system mode. (+PAM +AUDIT +SELINUX +IMA -APPARMOR +SMACK +SYSVINIT +UTMP +LIBCRYPTSETUP +GCRYPT +GNUTLS +ACL +XZ +LZ4 +SECCOMP +BLKID +ELFUTILS +KMOD +IDN2 -IDN +PCRE2 default-hierarchy=legacy)
[    3.359873] input: Microsoft  Microsoft Basic Optical Mouse v2.0  as /devices/pci0000:00/0000:00:07.1/0000:03:00.3/usb2/2-1/2-1.2/2-1.2.3/2-1.2.3:1.0/0003:045E:00CB.0001/input/input2
[    3.491669] tg3 0000:04:00.0 eth0: Tigon3 [partno(629133-002) rev 5719001] (PCI Express) MAC address 98:f2:b3:09:d4:20
[    3.502482] tg3 0000:04:00.1 eth1: Tigon3 [partno(629133-002) rev 5719001] (PCI Express) MAC address 98:f2:b3:09:d4:21
[    3.516244] tg3 0000:04:00.2 eth2: Tigon3 [partno(629133-002) rev 5719001] (PCI Express) MAC address 98:f2:b3:09:d4:22
[    3.533515] tg3 0000:04:00.3 eth3: Tigon3 [partno(629133-002) rev 5719001] (PCI Express) MAC address 98:f2:b3:09:d4:23
[    3.557260] amdkcl: module verification failed: signature and/or required key missing - tainting kernel
[    3.562560] fb: switching to mgag200drmfb from EFI VGA
[    3.562880] tg3 0000:05:00.0 eth4: Tigon3 [partno(N/A) rev 5719001] (PCI Express) MAC address 54:80:28:4e:27:58
[    3.601070] mlx5_core 0000:43:00.0: 63.008 Gb/s available PCIe bandwidth (8 GT/s x8 link)
[    3.610724] AMD-Vi: AMD IOMMUv2 driver by Joerg Roedel <jroedel@suse.de>
[    3.653444] tg3 0000:05:00.1 eth5: Tigon3 [partno(N/A) rev 5719001] (PCI Express) MAC address 54:80:28:4e:27:59
[    3.694527] fbcon: mgag200drmfb (fb0) is primary device
[    3.747610] tg3 0000:05:00.2 eth6: Tigon3 [partno(N/A) rev 5719001] (PCI Express) MAC address 54:80:28:4e:27:5a
[    3.869972] input: S U as /devices/pci0000:00/0000:00:07.1/0000:03:00.3/usb2/2-1/2-1.2/2-1.2.4/2-1.2.4:1.0/0003:0C45:9510.0002/input/input3
[    3.892866] [drm] amdgpu kernel modesetting enabled.
[    3.892869] [drm] amdgpu version: 5.9.15
[    3.892870] [drm] OS DRM version: 5.6.0
[    3.893083] amdgpu: Ignoring ACPI CRAT on non-APU system
[    3.893099] amdgpu: Virtual CRAT table created for CPU
[    3.893249] amdgpu: Topology: Add CPU node
[    3.924344] tg3 0000:05:00.3 eth7: Tigon3 [partno(N/A) rev 5719001] (PCI Express) MAC address 54:80:28:4e:27:5b
[    3.930042] input: S U Consumer Control as /devices/pci0000:00/0000:00:07.1/0000:03:00.3/usb2/2-1/2-1.2/2-1.2.4/2-1.2.4:1.1/0003:0C45:9510.0003/input/input4
[    3.946849] mgag200 0000:01:00.1: fb0: mgag200drmfb frame buffer device
[    3.946908] amdgpu 0000:65:00.0: enabling device (0140 -> 0143)
[    3.946964] [drm] initializing kernel modesetting (ARCTURUS 0x1002:0x738C 0x1002:0x0C34 0x01).
[    3.946968] amdgpu 0000:65:00.0: Trusted Memory Zone (TMZ) feature not supported
[    3.947238] [drm] register mmio base: 0xC4400000
[    3.947240] [drm] register mmio size: 524288
[    3.947260] [drm] add ip block number 0 <soc15_common>
[    3.947262] [drm] add ip block number 1 <gmc_v9_0>
[    3.947264] [drm] add ip block number 2 <vega20_ih>
[    3.947264] [drm] add ip block number 3 <psp>
[    3.947266] [drm] add ip block number 4 <gfx_v9_0>
[    3.947268] [drm] add ip block number 5 <sdma_v4_0>
[    3.947269] [drm] add ip block number 6 <smu>
[    3.947275] [drm] add ip block number 7 <vcn_v2_5>
[    3.947276] [drm] add ip block number 8 <jpeg_v2_5>
[    3.956136] amdgpu 0000:65:00.0: Fetched VBIOS from ROM BAR
[    3.956140] amdgpu: ATOM BIOS: 113-D3431400-037
[    3.956193] [drm] VCN(0) decode is enabled in VM mode
[    3.956193] [drm] VCN(1) decode is enabled in VM mode
[    3.956194] [drm] VCN(0) encode is enabled in VM mode
[    3.956194] [drm] VCN(1) encode is enabled in VM mode
[    3.956198] [drm] JPEG(0) JPEG decode is enabled in VM mode
[    3.956198] [drm] JPEG(1) JPEG decode is enabled in VM mode
[    3.956209] [drm] GPU posting now...
[    3.956245] amdgpu 0000:65:00.0: HBM ECC is active.
[    3.956246] amdgpu 0000:65:00.0: SRAM ECC is active.
[    3.956253] amdgpu 0000:65:00.0: RAS INFO: ras initialized successfully, hardware ability[3fff] ras_mask[3fff]
[    3.956263] [drm] vm size is 262144 GB, 4 levels, block size is 9-bit, fragment size is 9-bit
[    3.956271] amdgpu 0000:65:00.0: VRAM: 32752M 0x0000008000000000 - 0x00000087FEFFFFFF (32752M used)
[    3.956273] amdgpu 0000:65:00.0: GART: 512M 0x0000000000000000 - 0x000000001FFFFFFF
[    3.956274] amdgpu 0000:65:00.0: AGP: 267878400M 0x0000008800000000 - 0x0000FFFFFFFFFFFF
[    3.956280] [drm] Detected VRAM RAM=32752M, BAR=32768M
[    3.956281] [drm] RAM width 4096bits HBM
[    3.956551] [drm] amdgpu: 32752M of VRAM memory ready
[    3.956554] [drm] amdgpu: 257492M of GTT memory ready.
[    3.956556] [drm] GART: num cpu pages 131072, num gpu pages 131072
[    3.956750] [drm] PCIE GART of 512M enabled (table at 0x0000008000000000).
[    3.956872] [drm] Supports vblank timestamp caching Rev 2 (21.10.2013).
[    3.956872] [drm] Driver supports precise vblank timestamp query.
[    3.959622] [drm] Found VCN firmware Version ENC: 1.1 DEC: 1 VEP: 0 Revision: 21
[    3.959630] [drm] PSP loading VCN firmware
[    4.024399] input: S U System Control as /devices/pci0000:00/0000:00:07.1/0000:03:00.3/usb2/2-1/2-1.2/2-1.2.4/2-1.2.4:1.1/0003:0C45:9510.0003/input/input5
[    4.024449] input: S U Keyboard as /devices/pci0000:00/0000:00:07.1/0000:03:00.3/usb2/2-1/2-1.2/2-1.2.4/2-1.2.4:1.1/0003:0C45:9510.0003/input/input7
[    4.034439] [drm] reserve 0x400000 from 0x87fec00000 for PSP TMR
[    4.106749] amdgpu 0000:65:00.0: HDCP: optional hdcp ta ucode is not available
[    4.106752] amdgpu 0000:65:00.0: DTM: optional dtm ta ucode is not available
[    4.106753] amdgpu 0000:65:00.0: RAP: optional rap ta ucode is not available
[    4.106754] amdgpu 0000:65:00.0: SECUREDISPLAY: securedisplay ta ucode is not available
[    4.107466] [drm] kiq ring mec 2 pipe 1 q 0
[    4.107986] amdgpu 0000:65:00.0: use vbios provided pptable
[    4.107989] amdgpu 0000:65:00.0: smc_dpm_info table revision(format.content): 4.6
[    4.110525] amdgpu 0000:65:00.0: SMU is initialized successfully!
[    4.115496] [drm] VCN decode and encode initialized successfully(under DPG Mode).
[    4.115539] [drm] JPEG decode initialized successfully.
[    4.171235] mlx5_core 0000:43:00.1: 63.008 Gb/s available PCIe bandwidth (8 GT/s x8 link)
[    4.180245] [drm] Initialized mgag200 1.0.0 20110418 for 0000:01:00.1 on minor 0
[    4.375939] kfd kfd: Allocated 3969056 bytes on gart
[    4.376804] amdgpu: Virtual CRAT table created for GPU
[    4.377457] amdgpu: Topology: Add dGPU node [0x738c:0x1002]
[    4.377461] kfd kfd: added device 1002:738c
[    4.377464] amdgpu 0000:65:00.0: SE 8, SH per SE 1, CU per SH 16, active_cu_number 120
[    4.377803] amdgpu 0000:65:00.0: ring comp_1.0.0 uses VM inv eng 0 on hub 0
[    4.377805] amdgpu 0000:65:00.0: ring comp_1.1.0 uses VM inv eng 1 on hub 0
[    4.377807] amdgpu 0000:65:00.0: ring comp_1.2.0 uses VM inv eng 4 on hub 0
[    4.377808] amdgpu 0000:65:00.0: ring comp_1.3.0 uses VM inv eng 5 on hub 0
[    4.377809] amdgpu 0000:65:00.0: ring comp_1.0.1 uses VM inv eng 6 on hub 0
[    4.377810] amdgpu 0000:65:00.0: ring comp_1.1.1 uses VM inv eng 7 on hub 0
[    4.377810] amdgpu 0000:65:00.0: ring comp_1.2.1 uses VM inv eng 8 on hub 0
[    4.377811] amdgpu 0000:65:00.0: ring comp_1.3.1 uses VM inv eng 9 on hub 0
[    4.377812] amdgpu 0000:65:00.0: ring kiq_2.1.0 uses VM inv eng 10 on hub 0
[    4.377813] amdgpu 0000:65:00.0: ring sdma0 uses VM inv eng 0 on hub 1
[    4.377814] amdgpu 0000:65:00.0: ring sdma1 uses VM inv eng 1 on hub 1
[    4.377815] amdgpu 0000:65:00.0: ring sdma2 uses VM inv eng 4 on hub 1
[    4.377815] amdgpu 0000:65:00.0: ring sdma3 uses VM inv eng 5 on hub 1
[    4.377816] amdgpu 0000:65:00.0: ring sdma4 uses VM inv eng 6 on hub 1
[    4.377817] amdgpu 0000:65:00.0: ring sdma5 uses VM inv eng 0 on hub 2
